
[ch0002] 処理中...
   32 件のイベントを抽出
   OK C:\Users\d5dx\Downloads\Code\AllusionistLLMWiki2\..\AllusionistLLMWiki2_Work\events\ch0002.jsonl に 32 件書き込み

[ch0003] 処理中...
   21 件のイベントを抽出
   NG event: ["event_id: 'E_ch0003_character_Gadole_S2' does not match '^E_ch\\\\d{4}_[a-z]+_.+_[VNSARY]_O\\\\d*$'"]
   NG event: ["event_id: 'E_ch0003_character_Yereido_S2' does not match '^E_ch\\\\d{4}_[a-z]+_.+_[VNSARY]_O\\\\d*$'"]
   NG event: ["event_id: 'E_ch0003_character_Marneroa_A2' does not match '^E_ch\\\\d{4}_[a-z]+_.+_[VNSARY]_O\\\\d*$'"]
   NG event: ["event_id: 'E_ch0003_character_Werewolf_S2' does not match '^E_ch\\\\d{4}_[a-z]+_.+_[VNSARY]_O\\\\d*$'"]
   NG event: ["event_id: 'E_ch0003_character_Werewolf_S3' does not match '^E_ch\\\\d{4}_[a-z]+_.+_[VNSARY]_O\\\\d*$'"]
   OK C:\Users\d5dx\Downloads\Code\AllusionistLLMWiki2\..\AllusionistLLMWiki2_Work\events\ch0003.jsonl に 16 件書き込み
   WARN 5 件が無効（スキップ）

[ch0004] 処理中...
   47 件のイベントを抽出
   NG event: ["event_id: 'E_ch0004_character_主人公_action_O' does not match '^E_ch\\\\d{4}_[a-z]+_.+_[VNSARY]_O\\\\d*$'"]
   NG event: ["event_id: 'E_ch0004_item_義手_visual_O' does not match '^E_ch\\\\d{4}_[a-z]+_.+_[VNSARY]_O\\\\d*$'"]
   NG event: ["event_id: 'E_ch0004_terminology_第五階層_relationship_O' does not match '^E_ch\\\\d{4}_[a-z]+_.+_[VNSARY]_O\\\\d*$'"]
   NG event: ["event_id: 'E_ch0004_item_義手_action_O' does not match '^E_ch\\\\d{4}_[a-z]+_.+_[VNSARY]_O\\\\d*$'"]
   NG event: ["event_id: 'E_ch0004_terminology_転生技術_symbolic_O' does not match '^E_ch\\\\d{4}_[a-z]+_.+_[VNSARY]_O\\\\d*$'"]
   NG event: ["event_id: 'E_ch0004_terminology_空間拡張技術_action_O' does not match '^E_ch\\\\d{4}_[a-z]+_.+_[VNSARY]_O\\\\d*$'"]
   NG event: ["event_id: 'E_ch0004_character_主人公_relationship_O' does not match '^E_ch\\\\d{4}_[a-z]+_.+_[VNSARY]_O\\\\d*$'"]
   NG event: ["event_id: 'E_ch0004_terminology_第五階層_visual_O' does not match '^E_ch\\\\d{4}_[a-z]+_.+_[VNSARY]_O\\\\d*$'"]
   NG event: ["event_id: 'E_ch0004_terminology_呪術テクノロジー_action_O' does not match '^E_ch\\\\d{4}_[a-z]+_.+_[VNSARY]_O\\\\d*$'"]
   NG event: ["event_id: 'E_ch0004_terminology_公害_symbolic_O' does not match '^E_ch\\\\d{4}_[a-z]+_.+_[VNSARY]_O\\\\d*$'"]
   NG event: ["event_id: 'E_ch0004_terminology_人狼_relationship_O' does not match '^E_ch\\\\d{4}_[a-z]+_.+_[VNSARY]_O\\\\d*$'"]
   NG event: ["event_id: 'E_ch0004_item_義手_name_O' does not match '^E_ch\\\\d{4}_[a-z]+_.+_[VNSARY]_O\\\\d*$'"]
   NG event: ["event_id: 'E_ch0004_terminology_第五階層掌握者_action_O' does not match '^E_ch\\\\d{4}_[a-z]+_.+_[VNSARY]_O\\\\d*$'"]
   NG event: ["event_id: 'E_ch0004_terminology_転送用ゲート_relationship_O' does not match '^E_ch\\\\d{4}_[a-z]+_.+_[VNSARY]_O\\\\d*$'"]
   NG event: ["event_id: 'E_ch0004_character_主人公_relationship_O2' does not match '^E_ch\\\\d{4}_[a-z]+_.+_[VNSARY]_O\\\\d*$'"]
   NG event: ["event_id: 'E_ch0004_item_マント_relationship_O' does not match '^E_ch\\\\d{4}_[a-z]+_.+_[VNSARY]_O\\\\d*$'"]
   NG event: ["event_id: 'E_ch0004_terminology_寄生異獣_action_O' does not match '^E_ch\\\\d{4}_[a-z]+_.+_[VNSARY]_O\\\\d*$'"]
   NG event: ["event_id: 'E_ch0004_character_主人公_action_O2' does not match '^E_ch\\\\d{4}_[a-z]+_.+_[VNSARY]_O\\\\d*$'"]
   NG event: ["event_id: 'E_ch0004_terminology_第五階層の言語_relationship_O' does not match '^E_ch\\\\d{4}_[a-z]+_.+_[VNSARY]_O\\\\d*$'"]
   NG event: ["event_id: 'E_ch0004_terminology_文字_symbolic_O' does not match '^E_ch\\\\d{4}_[a-z]+_.+_[VNSARY]_O\\\\d*$'"]
   NG event: ["event_id: 'E_ch0004_organization_松明の騎士団_relationship_O' does not match '^E_ch\\\\d{4}_[a-z]+_.+_[VNSARY]_O\\\\d*$'"]
   NG event: ["event_id: 'E_ch0004_character_ロドウィ・フーシィ・インギィ_name_O' does not match '^E_ch\\\\d{4}_[a-z]+_.+_[VNSARY]_O\\\\d*$'"]
   NG event: ["event_id: 'E_ch0004_character_ロドウィ・フーシィ・インギィ_action_O' does not match '^E_ch\\\\d{4}_[a-z]+_.+_[VNSARY]_O\\\\d*$'"]
   NG event: ["event_id: 'E_ch0004_character_ロドウィ・フーシィ・インギィ_visual_O' does not match '^E_ch\\\\d{4}_[a-z]+_.+_[VNSARY]_O\\\\d*$'"]
   NG event: ["event_id: 'E_ch0004_terminology_第五階層掌握者_relationship_O' does not match '^E_ch\\\\d{4}_[a-z]+_.+_[VNSARY]_O\\\\d*$'"]
   NG event: ["event_id: 'E_ch0004_item_石_symbolic_O' does not match '^E_ch\\\\d{4}_[a-z]+_.+_[VNSARY]_O\\\\d*$'"]
   NG event: ["event_id: 'E_ch0004_character_コルセスカ_visual_O' does not match '^E_ch\\\\d{4}_[a-z]+_.+_[VNSARY]_O\\\\d*$'"]
   NG event: ["event_id: 'E_ch0004_item_ワンピース_symbolic_O' does not match '^E_ch\\\\d{4}_[a-z]+_.+_[VNSARY]_O\\\\d*$'"]
   NG event: ["event_id: 'E_ch0004_character_コルセスカ_speech_O' does not match '^E_ch\\\\d{4}_[a-z]+_.+_[VNSARY]_O\\\\d*$'"]
   NG event: ["event_id: 'E_ch0004_terminology_言語魔術師_action_O' does not match '^E_ch\\\\d{4}_[a-z]+_.+_[VNSARY]_O\\\\d*$'"]
   NG event: ["event_id: 'E_ch0004_terminology_言語魔術師_action_O2' does not match '^E_ch\\\\d{4}_[a-z]+_.+_[VNSARY]_O\\\\d*$'"]
   NG event: ["event_id: 'E_ch0004_character_アズーリア_relationship_O' does not match '^E_ch\\\\d{4}_[a-z]+_.+_[VNSARY]_O\\\\d*$'"]
   NG event: ["event_id: 'E_ch0004_terminology_文字_relationship_O' does not match '^E_ch\\\\d{4}_[a-z]+_.+_[VNSARY]_O\\\\d*$'"]
   NG event: ["event_id: 'E_ch0004_character_主人公_relationship_O3' does not match '^E_ch\\\\d{4}_[a-z]+_.+_[VNSARY]_O\\\\d*$'"]
   NG event: ["event_id: 'E_ch0004_character_コルセスカ_action_O' does not match '^E_ch\\\\d{4}_[a-z]+_.+_[VNSARY]_O\\\\d*$'"]
   NG event: ["event_id: 'E_ch0004_character_コルセスカ_action_O2' does not match '^E_ch\\\\d{4}_[a-z]+_.+_[VNSARY]_O\\\\d*$'"]
   NG event: ["event_id: 'E_ch0004_item_サイバーカラテ道場_action_O' does not match '^E_ch\\\\d{4}_[a-z]+_.+_[VNSARY]_O\\\\d*$'"]
   NG event: ["event_id: 'E_ch0004_character_主人公_action_O4' does not match '^E_ch\\\\d{4}_[a-z]+_.+_[VNSARY]_O\\\\d*$'"]
   NG event: ["event_id: 'E_ch0004_terminology_フィーテ_name_O' does not match '^E_ch\\\\d{4}_[a-z]+_.+_[VNSARY]_O\\\\d*$'"]
   NG event: ["event_id: 'E_ch0004_terminology_第五階層_relationship_O2' does not match '^E_ch\\\\d{4}_[a-z]+_.+_[VNSARY]_O\\\\d*$'"]
   NG event: ["event_id: 'E_ch0004_character_刺客_visual_O' does not match '^E_ch\\\\d{4}_[a-z]+_.+_[VNSARY]_O\\\\d*$'"]
   NG event: ["event_id: 'E_ch0004_item_棍棒_symbolic_O' does not match '^E_ch\\\\d{4}_[a-z]+_.+_[VNSARY]_O\\\\d*$'"]
   NG event: ["event_id: 'E_ch0004_character_コルセスカ_speech_O2' does not match '^E_ch\\\\d{4}_[a-z]+_.+_[VNSARY]_O\\\\d*$'"]
   NG event: ["event_id: 'E_ch0004_character_コルセスカ_action_O3' does not match '^E_ch\\\\d{4}_[a-z]+_.+_[VNSARY]_O\\\\d*$'"]
   NG event: ["event_id: 'E_ch0004_character_コルセスカ_action_O4' does not match '^E_ch\\\\d{4}_[a-z]+_.+_[VNSARY]_O\\\\d*$'"]
   NG event: ["event_id: 'E_ch0004_character_コルセスカ_relationship_O' does not match '^E_ch\\\\d{4}_[a-z]+_.+_[VNSARY]_O\\\\d*$'"]
   NG event: ["event_id: 'E_ch0004_character_コルセスカ_visual_O2' does not match '^E_ch\\\\d{4}_[a-z]+_.+_[VNSARY]_O\\\\d*$'"]
   OK C:\Users\d5dx\Downloads\Code\AllusionistLLMWiki2\..\AllusionistLLMWiki2_Work\events\ch0004.jsonl に 0 件書き込み
   WARN 47 件が無効（スキップ）

[ch0005] 処理中...
   WARN chunk 1: JSON 解析不能（8899 chars）→ スキップ
   37 件のイベントを抽出
   NG event: ["event_id: 'E_ch0005_character_Kolceska_Visual_V2' does not match '^E_ch\\\\d{4}_[a-z]+_.+_[VNSARY]_O\\\\d*$'"]
   NG event: ["event_id: 'E_ch0005_character_Akira_Speech_S1' does not match '^E_ch\\\\d{4}_[a-z]+_.+_[VNSARY]_O\\\\d*$'"]
   NG event: ["event_id: 'E_ch0005_item_Orb_N1' does not match '^E_ch\\\\d{4}_[a-z]+_.+_[VNSARY]_O\\\\d*$'"]
   NG event: ["event_id: 'E_ch0005_character_Kolceska_Speech_S4' does not match '^E_ch\\\\d{4}_[a-z]+_.+_[VNSARY]_O\\\\d*$'"]
   NG event: ["event_id: 'E_ch0005_terminology_LanguageLabeling_N1' does not match '^E_ch\\\\d{4}_[a-z]+_.+_[VNSARY]_O\\\\d*$'"]
   NG event: ["event_id: 'E_ch0005_terminology_StarTower_N1' does not match '^E_ch\\\\d{4}_[a-z]+_.+_[VNSARY]_O\\\\d*$'"]
   NG event: ["event_id: 'E_ch0005_terminology_ExplorationPartySize_N1' does not match '^E_ch\\\\d{4}_[a-z]+_.+_[VNSARY]_O\\\\d*$'"]
   NG event: ["event_id: 'E_ch0005_character_Sanpoukai_Visual_V1' does not match '^E_ch\\\\d{4}_[a-z]+_.+_[VNSARY]_O\\\\d*$'"]
   NG event: ["event_id: 'E_ch0005_character_CatBoy_Visual_V1' does not match '^E_ch\\\\d{4}_[a-z]+_.+_[VNSARY]_O\\\\d*$'"]
   NG event: ["event_id: 'E_ch0005_character_CatBoy_Action_A1' does not match '^E_ch\\\\d{4}_[a-z]+_.+_[VNSARY]_O\\\\d*$'"]
   NG event: ["event_id: 'E_ch0005_item_FlashTalisman_N1' does not match '^E_ch\\\\d{4}_[a-z]+_.+_[VNSARY]_O\\\\d*$'"]
   NG event: ["event_id: 'E_ch0005_item_ArmCover_N1' does not match '^E_ch\\\\d{4}_[a-z]+_.+_[VNSARY]_O\\\\d*$'"]
   NG event: ["event_id: 'E_ch0005_character_Akira_Speech_S2' does not match '^E_ch\\\\d{4}_[a-z]+_.+_[VNSARY]_O\\\\d*$'"]
   NG event: ["event_id: 'E_ch0005_character_Kolceska_Speech_S5' does not match '^E_ch\\\\d{4}_[a-z]+_.+_[VNSARY]_O\\\\d*$'"]
   NG event: ["event_id: 'E_ch0005_terminology_Xenoglossia_N1' does not match '^E_ch\\\\d{4}_[a-z]+_.+_[VNSARY]_O\\\\d*$'"]
   NG event: ["event_id: 'E_ch0005_terminology_AbsoluteLanguage_N1' does not match '^E_ch\\\\d{4}_[a-z]+_.+_[VNSARY]_O\\\\d*$'"]
   NG event: ["event_id: 'E_ch0005_character_Akira_Speech_S3' does not match '^E_ch\\\\d{4}_[a-z]+_.+_[VNSARY]_O\\\\d*$'"]
   NG event: ["event_id: 'E_ch0005_character_Kolceska_Speech_S6' does not match '^E_ch\\\\d{4}_[a-z]+_.+_[VNSARY]_O\\\\d*$'"]
   NG event: ["event_id: 'E_ch0005_character_Kolceska_Speech_S7' does not match '^E_ch\\\\d{4}_[a-z]+_.+_[VNSARY]_O\\\\d*$'"]
   NG event: ["event_id: 'E_ch0005_character_Kolceska_Speech_S8' does not match '^E_ch\\\\d{4}_[a-z]+_.+_[VNSARY]_O\\\\d*$'"]
   NG event: ["event_id: 'E_ch0005_character_Kolceska_Action_A2' does not match '^E_ch\\\\d{4}_[a-z]+_.+_[VNSARY]_O\\\\d*$'"]
   NG event: ["event_id: 'E_ch0005_terminology_Nensha_N1' does not match '^E_ch\\\\d{4}_[a-z]+_.+_[VNSARY]_O\\\\d*$'"]
   NG event: ["event_id: 'E_ch0005_terminology_PhotoRegulation_N1' does not match '^E_ch\\\\d{4}_[a-z]+_.+_[VNSARY]_O\\\\d*$'"]
   NG event: ["event_id: 'E_ch0005_character_Akira_Speech_S4' does not match '^E_ch\\\\d{4}_[a-z]+_.+_[VNSARY]_O\\\\d*$'"]
   NG event: ["event_id: 'E_ch0005_relationship_Akira_Azuria_R1' does not match '^E_ch\\\\d{4}_[a-z]+_.+_[VNSARY]_O\\\\d*$'"]
   NG event: ["event_id: 'E_ch0005_character_Morolek_Visual_V1' does not match '^E_ch\\\\d{4}_[a-z]+_.+_[VNSARY]_O\\\\d*$'"]
   NG event: ["event_id: 'E_ch0005_relationship_Morolek_Sanpoukai_R1' does not match '^E_ch\\\\d{4}_[a-z]+_.+_[VNSARY]_O\\\\d*$'"]
   NG event: ["event_id: 'E_ch0005_character_Kolceska_Action_A3' does not match '^E_ch\\\\d{4}_[a-z]+_.+_[VNSARY]_O\\\\d*$'"]
   NG event: ["event_id: 'E_ch0005_character_MysteriousMan_Visual_V1' does not match '^E_ch\\\\d{4}_[a-z]+_.+_[VNSARY]_O\\\\d*$'"]
   NG event: ["event_id: 'E_ch0005_character_MysteriousMan_Visual_V2' does not match '^E_ch\\\\d{4}_[a-z]+_.+_[VNSARY]_O\\\\d*$'"]
   NG event: ["event_id: 'E_ch0005_character_MysteriousMan_Action_A1' does not match '^E_ch\\\\d{4}_[a-z]+_.+_[VNSARY]_O\\\\d*$'"]
   NG event: ["event_id: 'E_ch0005_character_Akira_Action_A2' does not match '^E_ch\\\\d{4}_[a-z]+_.+_[VNSARY]_O\\\\d*$'"]
   NG event: ["event_id: 'E_ch0005_item_ZanshinPreset_N1' does not match '^E_ch\\\\d{4}_[a-z]+_.+_[VNSARY]_O\\\\d*$'"]
   NG event: ["event_id: 'E_ch0005_character_Akira_Body_N1' does not match '^E_ch\\\\d{4}_[a-z]+_.+_[VNSARY]_O\\\\d*$'"]
   NG event: ["event_id: 'E_ch0005_character_Akira_Action_A3' does not match '^E_ch\\\\d{4}_[a-z]+_.+_[VNSARY]_O\\\\d*$'"]
   NG event: ["event_id: 'E_ch0005_character_Kolceska_Action_A4' does not match '^E_ch\\\\d{4}_[a-z]+_.+_[VNSARY]_O\\\\d*$'"]
   NG event: ["event_id: 'E_ch0005_character_Akira_Action_A4' does not match '^E_ch\\\\d{4}_[a-z]+_.+_[VNSARY]_O\\\\d*$'"]
   OK C:\Users\d5dx\Downloads\Code\AllusionistLLMWiki2\..\AllusionistLLMWiki2_Work\events\ch0005.jsonl に 0 件書き込み
   WARN 37 件が無効（スキップ）

[ch0006] 処理中...
   11 件のイベントを抽出
   OK C:\Users\d5dx\Downloads\Code\AllusionistLLMWiki2\..\AllusionistLLMWiki2_Work\events\ch0006.jsonl に 11 件書き込み

[ch0007] 処理中...
   27 件のイベントを抽出
   NG event: ["event_id: 'E_ch0007_character_Trisula_V2' does not match '^E_ch\\\\d{4}_[a-z]+_.+_[VNSARY]_O\\\\d*$'"]
   NG event: ["event_id: 'E_ch0007_character_Trisula_S2' does not match '^E_ch\\\\d{4}_[a-z]+_.+_[VNSARY]_O\\\\d*$'"]
   NG event: ["event_id: 'E_ch0007_relationship_Corsesca_Trisula_R2' does not match '^E_ch\\\\d{4}_[a-z]+_.+_[VNSARY]_O\\\\d*$'"]
   NG event: ["event_id: 'E_ch0007_character_Akira_S2' does not match '^E_ch\\\\d{4}_[a-z]+_.+_[VNSARY]_O\\\\d*$'"]
   NG event: ["event_id: 'E_ch0007_character_Akira_A2' does not match '^E_ch\\\\d{4}_[a-z]+_.+_[VNSARY]_O\\\\d*$'"]
   NG event: ["event_id: 'E_ch0007_character_Akira_Motif' does not match '^E_ch\\\\d{4}_[a-z]+_.+_[VNSARY]_O\\\\d*$'"]
   OK C:\Users\d5dx\Downloads\Code\AllusionistLLMWiki2\..\AllusionistLLMWiki2_Work\events\ch0007.jsonl に 21 件書き込み
   WARN 6 件が無効（スキップ）

[ch0008] 処理中...
   31 件のイベントを抽出
   NG event: ["event_id: 'E_ch0008_character_Akira_A2' does not match '^E_ch\\\\d{4}_[a-z]+_.+_[VNSARY]_O\\\\d*$'"]
   NG event: ["event_id: 'E_ch0008_character_RawCain_V2' does not match '^E_ch\\\\d{4}_[a-z]+_.+_[VNSARY]_O\\\\d*$'"]
   NG event: ["event_id: 'E_ch0008_character_RawCain_S2' does not match '^E_ch\\\\d{4}_[a-z]+_.+_[VNSARY]_O\\\\d*$'"]
   NG event: ["event_id: 'E_ch0008_character_RawCain_S3' does not match '^E_ch\\\\d{4}_[a-z]+_.+_[VNSARY]_O\\\\d*$'"]
   NG event: ["event_id: 'E_ch0008_character_Akira_A3' does not match '^E_ch\\\\d{4}_[a-z]+_.+_[VNSARY]_O\\\\d*$'"]
   NG event: ["event_id: 'E_ch0008_character_Akira_A4' does not match '^E_ch\\\\d{4}_[a-z]+_.+_[VNSARY]_O\\\\d*$'"]
   NG event: ["event_id: 'E_ch0008_character_Akira_S2' does not match '^E_ch\\\\d{4}_[a-z]+_.+_[VNSARY]_O\\\\d*$'"]
   NG event: ["event_id: 'E_ch0008_character_RawCain_S5' does not match '^E_ch\\\\d{4}_[a-z]+_.+_[VNSARY]_O\\\\d*$'"]
   NG event: ["event_id: 'E_ch0008_character_Akira_S3' does not match '^E_ch\\\\d{4}_[a-z]+_.+_[VNSARY]_O\\\\d*$'"]
   NG event: ["event_id: 'E_ch0008_character_Akira_A5' does not match '^E_ch\\\\d{4}_[a-z]+_.+_[VNSARY]_O\\\\d*$'"]
   NG event: ["event_id: 'E_ch0008_character_Akira_S4' does not match '^E_ch\\\\d{4}_[a-z]+_.+_[VNSARY]_O\\\\d*$'"]
   NG event: ["event_id: 'E_ch0008_character_Akira_S5' does not match '^E_ch\\\\d{4}_[a-z]+_.+_[VNSARY]_O\\\\d*$'"]
   NG event: ["event_id: 'E_ch0008_character_Colsesca_A2' does not match '^E_ch\\\\d{4}_[a-z]+_.+_[VNSARY]_O\\\\d*$'"]
   NG event: ["event_id: 'E_ch0008_character_Colsesca_A3' does not match '^E_ch\\\\d{4}_[a-z]+_.+_[VNSARY]_O\\\\d*$'"]
   NG event: ["event_id: 'E_ch0008_character_TriShura_S2' does not match '^E_ch\\\\d{4}_[a-z]+_.+_[VNSARY]_O\\\\d*$'"]
   OK C:\Users\d5dx\Downloads\Code\AllusionistLLMWiki2\..\AllusionistLLMWiki2_Work\events\ch0008.jsonl に 16 件書き込み
   WARN 15 件が無効（スキップ）

[ch0009] 処理中...
   25 件のイベントを抽出
   NG event: ["event_id: 'E_ch0009_character_Kassario_A2' does not match '^E_ch\\\\d{4}_[a-z]+_.+_[VNSARY]_O\\\\d*$'"]
   NG event: ["event_id: 'E_ch0009_character_Kain_A2' does not match '^E_ch\\\\d{4}_[a-z]+_.+_[VNSARY]_O\\\\d*$'"]
   NG event: ["event_id: 'E_ch0009_character_Kassario_A3' does not match '^E_ch\\\\d{4}_[a-z]+_.+_[VNSARY]_O\\\\d*$'"]
   OK C:\Users\d5dx\Downloads\Code\AllusionistLLMWiki2\..\AllusionistLLMWiki2_Work\events\ch0009.jsonl に 22 件書き込み
   WARN 3 件が無効（スキップ）

[ch0010] 処理中...
   15 件のイベントを抽出
   OK C:\Users\d5dx\Downloads\Code\AllusionistLLMWiki2\..\AllusionistLLMWiki2_Work\events\ch0010.jsonl に 15 件書き込み

[ch0011] 処理中...
   31 件のイベントを抽出
   NG event: ["event_id: 'E_ch0011_character_akira_O' does not match '^E_ch\\\\d{4}_[a-z]+_.+_[VNSARY]_O\\\\d*$'"]
   NG event: ["event_id: 'E_ch0011_character_akira_O2' does not match '^E_ch\\\\d{4}_[a-z]+_.+_[VNSARY]_O\\\\d*$'"]
   NG event: ["event_id: 'E_ch0011_character_boy_O' does not match '^E_ch\\\\d{4}_[a-z]+_.+_[VNSARY]_O\\\\d*$'"]
   NG event: ["event_id: 'E_ch0011_character_boy_O2' does not match '^E_ch\\\\d{4}_[a-z]+_.+_[VNSARY]_O\\\\d*$'"]
   NG event: ["event_id: 'E_ch0011_character_akira_O3' does not match '^E_ch\\\\d{4}_[a-z]+_.+_[VNSARY]_O\\\\d*$'"]
   NG event: ["event_id: 'E_ch0011_character_akira_O4' does not match '^E_ch\\\\d{4}_[a-z]+_.+_[VNSARY]_O\\\\d*$'"]
   NG event: ["event_id: 'E_ch0011_terminology_ee_O' does not match '^E_ch\\\\d{4}_[a-z]+_.+_[VNSARY]_O\\\\d*$'"]
   NG event: ["event_id: 'E_ch0011_character_boy_O3' does not match '^E_ch\\\\d{4}_[a-z]+_.+_[VNSARY]_O\\\\d*$'"]
   NG event: ["event_id: 'E_ch0011_character_akira_O5' does not match '^E_ch\\\\d{4}_[a-z]+_.+_[VNSARY]_O\\\\d*$'"]
   NG event: ["event_id: 'E_ch0011_character_akira_O6' does not match '^E_ch\\\\d{4}_[a-z]+_.+_[VNSARY]_O\\\\d*$'"]
   NG event: ["event_id: 'E_ch0011_character_akira_O7' does not match '^E_ch\\\\d{4}_[a-z]+_.+_[VNSARY]_O\\\\d*$'"]
   NG event: ["event_id: 'E_ch0011_character_trishula_O' does not match '^E_ch\\\\d{4}_[a-z]+_.+_[VNSARY]_O\\\\d*$'"]
   NG event: ["event_id: 'E_ch0011_character_kolska_O' does not match '^E_ch\\\\d{4}_[a-z]+_.+_[VNSARY]_O\\\\d*$'"]
   NG event: ["event_id: 'E_ch0011_character_akira_O8' does not match '^E_ch\\\\d{4}_[a-z]+_.+_[VNSARY]_O\\\\d*$'"]
   NG event: ["event_id: 'E_ch0011_character_trishula_O2' does not match '^E_ch\\\\d{4}_[a-z]+_.+_[VNSARY]_O\\\\d*$'"]
   NG event: ["event_id: 'E_ch0011_character_kolska_O2' does not match '^E_ch\\\\d{4}_[a-z]+_.+_[VNSARY]_O\\\\d*$'"]
   NG event: ["event_id: 'E_ch0011_terminology_magic_circle_O' does not match '^E_ch\\\\d{4}_[a-z]+_.+_[VNSARY]_O\\\\d*$'"]
   NG event: ["event_id: 'E_ch0011_character_kolska_O3' does not match '^E_ch\\\\d{4}_[a-z]+_.+_[VNSARY]_O\\\\d*$'"]
   NG event: ["event_id: 'E_ch0011_character_trishula_O4' does not match '^E_ch\\\\d{4}_[a-z]+_.+_[VNSARY]_O\\\\d*$'"]
   NG event: ["event_id: 'E_ch0011_character_akira_O9' does not match '^E_ch\\\\d{4}_[a-z]+_.+_[VNSARY]_O\\\\d*$'"]
   NG event: ["event_id: 'E_ch0011_character_akira_O10' does not match '^E_ch\\\\d{4}_[a-z]+_.+_[VNSARY]_O\\\\d*$'"]
   NG event: ["event_id: 'E_ch0011_character_akira_O11' does not match '^E_ch\\\\d{4}_[a-z]+_.+_[VNSARY]_O\\\\d*$'"]
   NG event: ["event_id: 'E_ch0011_character_trishula_O5' does not match '^E_ch\\\\d{4}_[a-z]+_.+_[VNSARY]_O\\\\d*$'"]
   NG event: ["event_id: 'E_ch0011_character_kolska_O4' does not match '^E_ch\\\\d{4}_[a-z]+_.+_[VNSARY]_O\\\\d*$'"]
   NG event: ["event_id: 'E_ch0011_character_kolska_O5' does not match '^E_ch\\\\d{4}_[a-z]+_.+_[VNSARY]_O\\\\d*$'"]
   NG event: ["event_id: 'E_ch0011_character_trishula_O6' does not match '^E_ch\\\\d{4}_[a-z]+_.+_[VNSARY]_O\\\\d*$'"]
   NG event: ["event_id: 'E_ch0011_character_boy_O4' does not match '^E_ch\\\\d{4}_[a-z]+_.+_[VNSARY]_O\\\\d*$'"]
   NG event: ["event_id: 'E_ch0011_character_boy_O5' does not match '^E_ch\\\\d{4}_[a-z]+_.+_[VNSARY]_O\\\\d*$'"]
   NG event: ["event_id: 'E_ch0011_character_kain_O' does not match '^E_ch\\\\d{4}_[a-z]+_.+_[VNSARY]_O\\\\d*$'"]
   NG event: ["event_id: 'E_ch0011_motif_language_O' does not match '^E_ch\\\\d{4}_[a-z]+_.+_[VNSARY]_O\\\\d*$'"]
   NG event: ["event_id: 'E_ch0011_character_akira_O12' does not match '^E_ch\\\\d{4}_[a-z]+_.+_[VNSARY]_O\\\\d*$'"]
   OK C:\Users\d5dx\Downloads\Code\AllusionistLLMWiki2\..\AllusionistLLMWiki2_Work\events\ch0011.jsonl に 0 件書き込み
   WARN 31 件が無効（スキップ）

[ch0012] 処理中...
   34 件のイベントを抽出
   NG event: ["event_id: 'E_ch0012_terminology_第六階層_O' does not match '^E_ch\\\\d{4}_[a-z]+_.+_[VNSARY]_O\\\\d*$'"]
   NG event: ["event_id: 'E_ch0012_terminology_階層間移動_O' does not match '^E_ch\\\\d{4}_[a-z]+_.+_[VNSARY]_O\\\\d*$'"]
   NG event: ["event_id: 'E_ch0012_character_トリシューラ_O' does not match '^E_ch\\\\d{4}_[a-z]+_.+_[VNSARY]_O\\\\d*$'"]
   NG event: ["event_id: 'E_ch0012_character_カーイン_O' does not match '^E_ch\\\\d{4}_[a-z]+_.+_[VNSARY]_O\\\\d*$'"]
   NG event: ["event_id: 'E_ch0012_item_模型_O' does not match '^E_ch\\\\d{4}_[a-z]+_.+_[VNSARY]_O\\\\d*$'"]
   NG event: ["event_id: 'E_ch0012_character_クレアノーズ_O' does not match '^E_ch\\\\d{4}_[a-z]+_.+_[VNSARY]_O\\\\d*$'"]
   NG event: ["event_id: 'E_ch0012_terminology_九姉評議会_O' does not match '^E_ch\\\\d{4}_[a-z]+_.+_[VNSARY]_O\\\\d*$'"]
   NG event: ["event_id: 'E_ch0012_terminology_呪術の四大系統_O' does not match '^E_ch\\\\d{4}_[a-z]+_.+_[VNSARY]_O\\\\d*$'"]
   NG event: ["event_id: 'E_ch0012_terminology_ゼノグラシア_O' does not match '^E_ch\\\\d{4}_[a-z]+_.+_[VNSARY]_O\\\\d*$'"]
   NG event: ["event_id: 'E_ch0012_item_盤外の夜_O' does not match '^E_ch\\\\d{4}_[a-z]+_.+_[VNSARY]_O\\\\d*$'"]
   NG event: ["event_id: 'E_ch0012_item_カッサリオステーキ_O' does not match '^E_ch\\\\d{4}_[a-z]+_.+_[VNSARY]_O\\\\d*$'"]
   NG event: ["event_id: 'E_ch0012_terminology_治癒符_O' does not match '^E_ch\\\\d{4}_[a-z]+_.+_[VNSARY]_O\\\\d*$'"]
   NG event: ["event_id: 'E_ch0012_organization_サイバーカラテ道場_O' does not match '^E_ch\\\\d{4}_[a-z]+_.+_[VNSARY]_O\\\\d*$'"]
   NG event: ["event_id: 'E_ch0012_terminology_探索者用SNS_O' does not match '^E_ch\\\\d{4}_[a-z]+_.+_[VNSARY]_O\\\\d*$'"]
   NG event: ["event_id: 'E_ch0012_terminology_物質創造能力_O' does not match '^E_ch\\\\d{4}_[a-z]+_.+_[VNSARY]_O\\\\d*$'"]
   NG event: ["event_id: 'E_ch0012_terminology_世界槍_O' does not match '^E_ch\\\\d{4}_[a-z]+_.+_[VNSARY]_O\\\\d*$'"]
   NG event: ["event_id: 'E_ch0012_character_ヲルヲーラ_O' does not match '^E_ch\\\\d{4}_[a-z]+_.+_[VNSARY]_O\\\\d*$'"]
   NG event: ["event_id: 'E_ch0012_terminology_オープンソース_O' does not match '^E_ch\\\\d{4}_[a-z]+_.+_[VNSARY]_O\\\\d*$'"]
   NG event: ["event_id: 'E_ch0012_terminology_ゆらぎの神話_O' does not match '^E_ch\\\\d{4}_[a-z]+_.+_[VNSARY]_O\\\\d*$'"]
   NG event: ["event_id: 'E_ch0012_terminology_大断絶_O' does not match '^E_ch\\\\d{4}_[a-z]+_.+_[VNSARY]_O\\\\d*$'"]
   OK C:\Users\d5dx\Downloads\Code\AllusionistLLMWiki2\..\AllusionistLLMWiki2_Work\events\ch0012.jsonl に 14 件書き込み
   WARN 20 件が無効（スキップ）

[ch0013] 処理中...
   41 件のイベントを抽出
   NG event: ["event_id: 'E_ch0013_character_Trisula_V1' does not match '^E_ch\\\\d{4}_[a-z]+_.+_[VNSARY]_O\\\\d*$'"]
   NG event: ["event_id: 'E_ch0013_character_Trisula_S1' does not match '^E_ch\\\\d{4}_[a-z]+_.+_[VNSARY]_O\\\\d*$'"]
   NG event: ["event_id: 'E_ch0013_character_Trisula_A1' does not match '^E_ch\\\\d{4}_[a-z]+_.+_[VNSARY]_O\\\\d*$'"]
   NG event: ["event_id: 'E_ch0013_character_Trisula_R1' does not match '^E_ch\\\\d{4}_[a-z]+_.+_[VNSARY]_O\\\\d*$'"]
   NG event: ["event_id: 'E_ch0013_character_Trisula_S2' does not match '^E_ch\\\\d{4}_[a-z]+_.+_[VNSARY]_O\\\\d*$'"]
   NG event: ["event_id: 'E_ch0013_character_Trisula_A2' does not match '^E_ch\\\\d{4}_[a-z]+_.+_[VNSARY]_O\\\\d*$'"]
   NG event: ["event_id: 'E_ch0013_character_ChbiShura_V1' does not match '^E_ch\\\\d{4}_[a-z]+_.+_[VNSARY]_O\\\\d*$'"]
   NG event: ["event_id: 'E_ch0013_character_ChbiShura_S1' does not match '^E_ch\\\\d{4}_[a-z]+_.+_[VNSARY]_O\\\\d*$'"]
   NG event: ["event_id: 'E_ch0013_character_ChbiShura_S2' does not match '^E_ch\\\\d{4}_[a-z]+_.+_[VNSARY]_O\\\\d*$'"]
   NG event: ["event_id: 'E_ch0013_character_ChbiShura_S3' does not match '^E_ch\\\\d{4}_[a-z]+_.+_[VNSARY]_O\\\\d*$'"]
   NG event: ["event_id: 'E_ch0013_character_Akira_V1' does not match '^E_ch\\\\d{4}_[a-z]+_.+_[VNSARY]_O\\\\d*$'"]
   NG event: ["event_id: 'E_ch0013_item_Prosthetic_V1' does not match '^E_ch\\\\d{4}_[a-z]+_.+_[VNSARY]_O\\\\d*$'"]
   NG event: ["event_id: 'E_ch0013_character_Leo_V1' does not match '^E_ch\\\\d{4}_[a-z]+_.+_[VNSARY]_O\\\\d*$'"]
   NG event: ["event_id: 'E_ch0013_character_Leo_N1' does not match '^E_ch\\\\d{4}_[a-z]+_.+_[VNSARY]_O\\\\d*$'"]
   NG event: ["event_id: 'E_ch0013_character_Leo_V2' does not match '^E_ch\\\\d{4}_[a-z]+_.+_[VNSARY]_O\\\\d*$'"]
   NG event: ["event_id: 'E_ch0013_character_Leo_S1' does not match '^E_ch\\\\d{4}_[a-z]+_.+_[VNSARY]_O\\\\d*$'"]
   NG event: ["event_id: 'E_ch0013_character_Leo_A1' does not match '^E_ch\\\\d{4}_[a-z]+_.+_[VNSARY]_O\\\\d*$'"]
   NG event: ["event_id: 'E_ch0013_character_ShopClerk_V1' does not match '^E_ch\\\\d{4}_[a-z]+_.+_[VNSARY]_O\\\\d*$'"]
   NG event: ["event_id: 'E_ch0013_character_ShopClerk_S1' does not match '^E_ch\\\\d{4}_[a-z]+_.+_[VNSARY]_O\\\\d*$'"]
   NG event: ["event_id: 'E_ch0013_character_ShopClerk_V2' does not match '^E_ch\\\\d{4}_[a-z]+_.+_[VNSARY]_O\\\\d*$'"]
   NG event: ["event_id: 'E_ch0013_character_ShopClerk_A1' does not match '^E_ch\\\\d{4}_[a-z]+_.+_[VNSARY]_O\\\\d*$'"]
   NG event: ["event_id: 'E_ch0013_terminology_Terminal_Y1' does not match '^E_ch\\\\d{4}_[a-z]+_.+_[VNSARY]_O\\\\d*$'"]
   NG event: ["event_id: 'E_ch0013_terminology_Circuit_Y1' does not match '^E_ch\\\\d{4}_[a-z]+_.+_[VNSARY]_O\\\\d*$'"]
   NG event: ["event_id: 'E_ch0013_character_Rodwy_V1' does not match '^E_ch\\\\d{4}_[a-z]+_.+_[VNSARY]_O\\\\d*$'"]
   NG event: ["event_id: 'E_ch0013_character_Rodwy_S1' does not match '^E_ch\\\\d{4}_[a-z]+_.+_[VNSARY]_O\\\\d*$'"]
   NG event: ["event_id: 'E_ch0013_character_Rodwy_S2' does not match '^E_ch\\\\d{4}_[a-z]+_.+_[VNSARY]_O\\\\d*$'"]
   NG event: ["event_id: 'E_ch0013_character_Rodwy_S3' does not match '^E_ch\\\\d{4}_[a-z]+_.+_[VNSARY]_O\\\\d*$'"]
   NG event: ["event_id: 'E_ch0013_character_Rodwy_A1' does not match '^E_ch\\\\d{4}_[a-z]+_.+_[VNSARY]_O\\\\d*$'"]
   NG event: ["event_id: 'E_ch0013_character_Anis_V1' does not match '^E_ch\\\\d{4}_[a-z]+_.+_[VNSARY]_O\\\\d*$'"]
   NG event: ["event_id: 'E_ch0013_character_Anis_S1' does not match '^E_ch\\\\d{4}_[a-z]+_.+_[VNSARY]_O\\\\d*$'"]
   NG event: ["event_id: 'E_ch0013_item_Tonfa_V1' does not match '^E_ch\\\\d{4}_[a-z]+_.+_[VNSARY]_O\\\\d*$'"]
   NG event: ["event_id: 'E_ch0013_character_Akira_S1' does not match '^E_ch\\\\d{4}_[a-z]+_.+_[VNSARY]_O\\\\d*$'"]
   NG event: ["event_id: 'E_ch0013_character_Akira_Y1' does not match '^E_ch\\\\d{4}_[a-z]+_.+_[VNSARY]_O\\\\d*$'"]
   NG event: ["event_id: 'E_ch0013_character_ChbiShura_S4' does not match '^E_ch\\\\d{4}_[a-z]+_.+_[VNSARY]_O\\\\d*$'"]
   NG event: ["event_id: 'E_ch0013_character_Trisula_A3' does not match '^E_ch\\\\d{4}_[a-z]+_.+_[VNSARY]_O\\\\d*$'"]
   NG event: ["event_id: 'E_ch0013_character_Trisula_S3' does not match '^E_ch\\\\d{4}_[a-z]+_.+_[VNSARY]_O\\\\d*$'"]
   NG event: ["event_id: 'E_ch0013_item_HealingTalisman_V1' does not match '^E_ch\\\\d{4}_[a-z]+_.+_[VNSARY]_O\\\\d*$'"]
   NG event: ["event_id: 'E_ch0013_organization_Commune_Y1' does not match '^E_ch\\\\d{4}_[a-z]+_.+_[VNSARY]_O\\\\d*$'"]
   NG event: ["event_id: 'E_ch0013_item_Elevator_V1' does not match '^E_ch\\\\d{4}_[a-z]+_.+_[VNSARY]_O\\\\d*$'"]
   NG event: ["event_id: 'E_ch0013_character_Leo_A2' does not match '^E_ch\\\\d{4}_[a-z]+_.+_[VNSARY]_O\\\\d*$'"]
   NG event: ["event_id: 'E_ch0013_character_Leo_A3' does not match '^E_ch\\\\d{4}_[a-z]+_.+_[VNSARY]_O\\\\d*$'"]
   OK C:\Users\d5dx\Downloads\Code\AllusionistLLMWiki2\..\AllusionistLLMWiki2_Work\events\ch0013.jsonl に 0 件書き込み
   WARN 41 件が無効（スキップ）

[ch0014] 処理中...
   23 件のイベントを抽出
   NG event: ["event_id: 'E_ch0014_character_Leo_V1' does not match '^E_ch\\\\d{4}_[a-z]+_.+_[VNSARY]_O\\\\d*$'"]
   NG event: ["event_id: 'E_ch0014_character_Leo_S1' does not match '^E_ch\\\\d{4}_[a-z]+_.+_[VNSARY]_O\\\\d*$'"]
   NG event: ["event_id: 'E_ch0014_location_Ghetto_R1' does not match '^E_ch\\\\d{4}_[a-z]+_.+_[VNSARY]_O\\\\d*$'"]
   NG event: ["event_id: 'E_ch0014_character_Akira_V1' does not match '^E_ch\\\\d{4}_[a-z]+_.+_[VNSARY]_O\\\\d*$'"]
   NG event: ["event_id: 'E_ch0014_character_Trischula_V1' does not match '^E_ch\\\\d{4}_[a-z]+_.+_[VNSARY]_O\\\\d*$'"]
   NG event: ["event_id: 'E_ch0014_terminology_Prosthetic_Y1' does not match '^E_ch\\\\d{4}_[a-z]+_.+_[VNSARY]_O\\\\d*$'"]
   NG event: ["event_id: 'E_ch0014_terminology_Prosthetic_A1' does not match '^E_ch\\\\d{4}_[a-z]+_.+_[VNSARY]_O\\\\d*$'"]
   NG event: ["event_id: 'E_ch0014_organization_TorchKnights_R1' does not match '^E_ch\\\\d{4}_[a-z]+_.+_[VNSARY]_O\\\\d*$'"]
   NG event: ["event_id: 'E_ch0014_species_Tirivina_V1' does not match '^E_ch\\\\d{4}_[a-z]+_.+_[VNSARY]_O\\\\d*$'"]
   NG event: ["event_id: 'E_ch0014_species_Tirivina_R1' does not match '^E_ch\\\\d{4}_[a-z]+_.+_[VNSARY]_O\\\\d*$'"]
   NG event: ["event_id: 'E_ch0014_character_Corsesca_V1' does not match '^E_ch\\\\d{4}_[a-z]+_.+_[VNSARY]_O\\\\d*$'"]
   NG event: ["event_id: 'E_ch0014_character_Corsesca_V2' does not match '^E_ch\\\\d{4}_[a-z]+_.+_[VNSARY]_O\\\\d*$'"]
   NG event: ["event_id: 'E_ch0014_character_Corsesca_S1' does not match '^E_ch\\\\d{4}_[a-z]+_.+_[VNSARY]_O\\\\d*$'"]
   NG event: ["event_id: 'E_ch0014_character_Corsesca_A1' does not match '^E_ch\\\\d{4}_[a-z]+_.+_[VNSARY]_O\\\\d*$'"]
   NG event: ["event_id: 'E_ch0014_item_MiniatureCity_V1' does not match '^E_ch\\\\d{4}_[a-z]+_.+_[VNSARY]_O\\\\d*$'"]
   NG event: ["event_id: 'E_ch0014_terminology_MasterAuthority_A1' does not match '^E_ch\\\\d{4}_[a-z]+_.+_[VNSARY]_O\\\\d*$'"]
   NG event: ["event_id: 'E_ch0014_location_CruiserShip_R1' does not match '^E_ch\\\\d{4}_[a-z]+_.+_[VNSARY]_O\\\\d*$'"]
   NG event: ["event_id: 'E_ch0014_terminology_Prosthetic_A2' does not match '^E_ch\\\\d{4}_[a-z]+_.+_[VNSARY]_O\\\\d*$'"]
   NG event: ["event_id: 'E_ch0014_character_Trischula_V2' does not match '^E_ch\\\\d{4}_[a-z]+_.+_[VNSARY]_O\\\\d*$'"]
   NG event: ["event_id: 'E_ch0014_terminology_HierosGamos_S1' does not match '^E_ch\\\\d{4}_[a-z]+_.+_[VNSARY]_O\\\\d*$'"]
   NG event: ["event_id: 'E_ch0014_terminology_Analogia_Y1' does not match '^E_ch\\\\d{4}_[a-z]+_.+_[VNSARY]_O\\\\d*$'"]
   NG event: ["event_id: 'E_ch0014_item_AkiraProsthetic_A1' does not match '^E_ch\\\\d{4}_[a-z]+_.+_[VNSARY]_O\\\\d*$'"]
   NG event: ["event_id: 'E_ch0014_relationship_Trischula_Akira_R1' does not match '^E_ch\\\\d{4}_[a-z]+_.+_[VNSARY]_O\\\\d*$'"]
   OK C:\Users\d5dx\Downloads\Code\AllusionistLLMWiki2\..\AllusionistLLMWiki2_Work\events\ch0014.jsonl に 0 件書き込み
   WARN 23 件が無効（スキップ）

[ch0015] 処理中...
   38 件のイベントを抽出
   NG event: ["event_id: 'E_ch0015_character_Trishula_A1' does not match '^E_ch\\\\d{4}_[a-z]+_.+_[VNSARY]_O\\\\d*$'"]
   NG event: ["event_id: 'E_ch0015_character_Akira_A1' does not match '^E_ch\\\\d{4}_[a-z]+_.+_[VNSARY]_O\\\\d*$'"]
   NG event: ["event_id: 'E_ch0015_character_Trishula_S1' does not match '^E_ch\\\\d{4}_[a-z]+_.+_[VNSARY]_O\\\\d*$'"]
   NG event: ["event_id: 'E_ch0015_character_Akira_Y1' does not match '^E_ch\\\\d{4}_[a-z]+_.+_[VNSARY]_O\\\\d*$'"]
   NG event: ["event_id: 'E_ch0015_character_Trishula_A2' does not match '^E_ch\\\\d{4}_[a-z]+_.+_[VNSARY]_O\\\\d*$'"]
   NG event: ["event_id: 'E_ch0015_character_Trishula_S2' does not match '^E_ch\\\\d{4}_[a-z]+_.+_[VNSARY]_O\\\\d*$'"]
   NG event: ["event_id: 'E_ch0015_character_Akira_S1' does not match '^E_ch\\\\d{4}_[a-z]+_.+_[VNSARY]_O\\\\d*$'"]
   NG event: ["event_id: 'E_ch0015_item_CyberKarateDojo_N1' does not match '^E_ch\\\\d{4}_[a-z]+_.+_[VNSARY]_O\\\\d*$'"]
   NG event: ["event_id: 'E_ch0015_event_CommunicationFailure_A1' does not match '^E_ch\\\\d{4}_[a-z]+_.+_[VNSARY]_O\\\\d*$'"]
   NG event: ["event_id: 'E_ch0015_character_Trishula_A3' does not match '^E_ch\\\\d{4}_[a-z]+_.+_[VNSARY]_O\\\\d*$'"]
   NG event: ["event_id: 'E_ch0015_character_Trishula_A4' does not match '^E_ch\\\\d{4}_[a-z]+_.+_[VNSARY]_O\\\\d*$'"]
   NG event: ["event_id: 'E_ch0015_character_Akira_S2' does not match '^E_ch\\\\d{4}_[a-z]+_.+_[VNSARY]_O\\\\d*$'"]
   NG event: ["event_id: 'E_ch0015_organization_ExplorerAssociation_A1' does not match '^E_ch\\\\d{4}_[a-z]+_.+_[VNSARY]_O\\\\d*$'"]
   NG event: ["event_id: 'E_ch0015_organization_TorchKnights_A1' does not match '^E_ch\\\\d{4}_[a-z]+_.+_[VNSARY]_O\\\\d*$'"]
   NG event: ["event_id: 'E_ch0015_event_InternetFlame_A1' does not match '^E_ch\\\\d{4}_[a-z]+_.+_[VNSARY]_O\\\\d*$'"]
   NG event: ["event_id: 'E_ch0015_character_Akira_S3' does not match '^E_ch\\\\d{4}_[a-z]+_.+_[VNSARY]_O\\\\d*$'"]
   NG event: ["event_id: 'E_ch0015_character_Akira_Y2' does not match '^E_ch\\\\d{4}_[a-z]+_.+_[VNSARY]_O\\\\d*$'"]
   NG event: ["event_id: 'E_ch0015_character_Trishula_V1' does not match '^E_ch\\\\d{4}_[a-z]+_.+_[VNSARY]_O\\\\d*$'"]
   NG event: ["event_id: 'E_ch0015_item_NewCurrency_N1' does not match '^E_ch\\\\d{4}_[a-z]+_.+_[VNSARY]_O\\\\d*$'"]
   NG event: ["event_id: 'E_ch0015_location_PoorDistrict_N1' does not match '^E_ch\\\\d{4}_[a-z]+_.+_[VNSARY]_O\\\\d*$'", "entity_type: 'location' is not one of ['character', 'terminology', 'organization', 'item', 'motif', 'relationship', 'phrase']"]
   NG event: ["event_id: 'E_ch0015_item_AutoWorshipMachine_N1' does not match '^E_ch\\\\d{4}_[a-z]+_.+_[VNSARY]_O\\\\d*$'"]
   NG event: ["event_id: 'E_ch0015_character_Kiron_V1' does not match '^E_ch\\\\d{4}_[a-z]+_.+_[VNSARY]_O\\\\d*$'"]
   NG event: ["event_id: 'E_ch0015_character_Kiron_S1' does not match '^E_ch\\\\d{4}_[a-z]+_.+_[VNSARY]_O\\\\d*$'"]
   NG event: ["event_id: 'E_ch0015_character_Kiron_S2' does not match '^E_ch\\\\d{4}_[a-z]+_.+_[VNSARY]_O\\\\d*$'"]
   NG event: ["event_id: 'E_ch0015_character_Kiron_A1' does not match '^E_ch\\\\d{4}_[a-z]+_.+_[VNSARY]_O\\\\d*$'"]
   NG event: ["event_id: 'E_ch0015_character_Kiron_N1' does not match '^E_ch\\\\d{4}_[a-z]+_.+_[VNSARY]_O\\\\d*$'"]
   NG event: ["event_id: 'E_ch0015_character_Kiron_S3' does not match '^E_ch\\\\d{4}_[a-z]+_.+_[VNSARY]_O\\\\d*$'"]
   NG event: ["event_id: 'E_ch0015_character_Kiron_S4' does not match '^E_ch\\\\d{4}_[a-z]+_.+_[VNSARY]_O\\\\d*$'"]
   NG event: ["event_id: 'E_ch0015_character_Kiron_S5' does not match '^E_ch\\\\d{4}_[a-z]+_.+_[VNSARY]_O\\\\d*$'"]
   NG event: ["event_id: 'E_ch0015_character_Kiron_S6' does not match '^E_ch\\\\d{4}_[a-z]+_.+_[VNSARY]_O\\\\d*$'"]
   NG event: ["event_id: 'E_ch0015_character_Kiron_S7' does not match '^E_ch\\\\d{4}_[a-z]+_.+_[VNSARY]_O\\\\d*$'"]
   NG event: ["event_id: 'E_ch0015_character_Kiron_S8' does not match '^E_ch\\\\d{4}_[a-z]+_.+_[VNSARY]_O\\\\d*$'"]
   NG event: ["event_id: 'E_ch0015_terminology_CytsSisters_N1' does not match '^E_ch\\\\d{4}_[a-z]+_.+_[VNSARY]_O\\\\d*$'"]
   NG event: ["event_id: 'E_ch0015_character_Leo_A1' does not match '^E_ch\\\\d{4}_[a-z]+_.+_[VNSARY]_O\\\\d*$'"]
   NG event: ["event_id: 'E_ch0015_character_Leo_V1' does not match '^E_ch\\\\d{4}_[a-z]+_.+_[VNSARY]_O\\\\d*$'"]
   NG event: ["event_id: 'E_ch0015_terminology_TirivinaPeople_N1' does not match '^E_ch\\\\d{4}_[a-z]+_.+_[VNSARY]_O\\\\d*$'"]
   NG event: ["event_id: 'E_ch0015_terminology_Werewolf_N1' does not match '^E_ch\\\\d{4}_[a-z]+_.+_[VNSARY]_O\\\\d*$'"]
   NG event: ["event_id: 'E_ch0015_character_Akira_Y3' does not match '^E_ch\\\\d{4}_[a-z]+_.+_[VNSARY]_O\\\\d*$'"]
   OK C:\Users\d5dx\Downloads\Code\AllusionistLLMWiki2\..\AllusionistLLMWiki2_Work\events\ch0015.jsonl に 0 件書き込み
   WARN 38 件が無効（スキップ）

[ch0016] 処理中...
   29 件のイベントを抽出
   NG event: ["event_id: 'E_ch0016_character_Kiron_S2' does not match '^E_ch\\\\d{4}_[a-z]+_.+_[VNSARY]_O\\\\d*$'"]
   NG event: ["event_id: 'E_ch0016_character_Kiron_A2' does not match '^E_ch\\\\d{4}_[a-z]+_.+_[VNSARY]_O\\\\d*$'"]
   NG event: ["event_id: 'E_ch0016_character_Sage_A2' does not match '^E_ch\\\\d{4}_[a-z]+_.+_[VNSARY]_O\\\\d*$'"]
   NG event: ["event_id: 'E_ch0016_character_Sage_A3' does not match '^E_ch\\\\d{4}_[a-z]+_.+_[VNSARY]_O\\\\d*$'"]
   NG event: ["event_id: 'E_ch0016_character_Kiron_A3' does not match '^E_ch\\\\d{4}_[a-z]+_.+_[VNSARY]_O\\\\d*$'"]
   NG event: ["event_id: 'E_ch0016_character_Kiron_A4' does not match '^E_ch\\\\d{4}_[a-z]+_.+_[VNSARY]_O\\\\d*$'"]
   NG event: ["event_id: 'E_ch0016_character_Kiron_S3' does not match '^E_ch\\\\d{4}_[a-z]+_.+_[VNSARY]_O\\\\d*$'"]
   NG event: ["event_id: 'E_ch0016_character_Witch_S2' does not match '^E_ch\\\\d{4}_[a-z]+_.+_[VNSARY]_O\\\\d*$'"]
   NG event: ["event_id: 'E_ch0016_character_Kain_A2' does not match '^E_ch\\\\d{4}_[a-z]+_.+_[VNSARY]_O\\\\d*$'"]
   NG event: ["event_id: 'E_ch0016_character_Witch_V2' does not match '^E_ch\\\\d{4}_[a-z]+_.+_[VNSARY]_O\\\\d*$'"]
   OK C:\Users\d5dx\Downloads\Code\AllusionistLLMWiki2\..\AllusionistLLMWiki2_Work\events\ch0016.jsonl に 19 件書き込み
   WARN 10 件が無効（スキップ）

[ch0017] 処理中...
   20 件のイベントを抽出
   NG event: ["event_id: 'E_ch0017_character_Lina_Zola_Crowther_S2' does not match '^E_ch\\\\d{4}_[a-z]+_.+_[VNSARY]_O\\\\d*$'"]
   NG event: ["event_id: 'E_ch0017_character_Lina_Zola_Crowther_S3' does not match '^E_ch\\\\d{4}_[a-z]+_.+_[VNSARY]_O\\\\d*$'"]
   NG event: ["event_id: 'E_ch0017_character_Lina_Zola_Crowther_S4' does not match '^E_ch\\\\d{4}_[a-z]+_.+_[VNSARY]_O\\\\d*$'"]
   OK C:\Users\d5dx\Downloads\Code\AllusionistLLMWiki2\..\AllusionistLLMWiki2_Work\events\ch0017.jsonl に 17 件書き込み
   WARN 3 件が無効（スキップ）

[ch0018] 処理中...
   42 件のイベントを抽出
   NG event: ["event_id: 'E_ch0018_character_Reo_V1' does not match '^E_ch\\\\d{4}_[a-z]+_.+_[VNSARY]_O\\\\d*$'"]
   NG event: ["event_id: 'E_ch0018_character_Reo_S1' does not match '^E_ch\\\\d{4}_[a-z]+_.+_[VNSARY]_O\\\\d*$'"]
   NG event: ["event_id: 'E_ch0018_character_Akira_Y1' does not match '^E_ch\\\\d{4}_[a-z]+_.+_[VNSARY]_O\\\\d*$'"]
   NG event: ["event_id: 'E_ch0018_character_Trisula_V1' does not match '^E_ch\\\\d{4}_[a-z]+_.+_[VNSARY]_O\\\\d*$'"]
   NG event: ["event_id: 'E_ch0018_character_Akira_S1' does not match '^E_ch\\\\d{4}_[a-z]+_.+_[VNSARY]_O\\\\d*$'"]
   NG event: ["event_id: 'E_ch0018_character_Trisula_S1' does not match '^E_ch\\\\d{4}_[a-z]+_.+_[VNSARY]_O\\\\d*$'"]
   NG event: ["event_id: 'E_ch0018_character_Akira_S2' does not match '^E_ch\\\\d{4}_[a-z]+_.+_[VNSARY]_O\\\\d*$'"]
   NG event: ["event_id: 'E_ch0018_character_Clerk_V1' does not match '^E_ch\\\\d{4}_[a-z]+_.+_[VNSARY]_O\\\\d*$'"]
   NG event: ["event_id: 'E_ch0018_item_Crepe_V1' does not match '^E_ch\\\\d{4}_[a-z]+_.+_[VNSARY]_O\\\\d*$'"]
   NG event: ["event_id: 'E_ch0018_character_Kiron_V1' does not match '^E_ch\\\\d{4}_[a-z]+_.+_[VNSARY]_O\\\\d*$'"]
   NG event: ["event_id: 'E_ch0018_character_Akira_S3' does not match '^E_ch\\\\d{4}_[a-z]+_.+_[VNSARY]_O\\\\d*$'"]
   NG event: ["event_id: 'E_ch0018_character_Boy_S1' does not match '^E_ch\\\\d{4}_[a-z]+_.+_[VNSARY]_O\\\\d*$'"]
   NG event: ["event_id: 'E_ch0018_terminology_Labyrinth_V1' does not match '^E_ch\\\\d{4}_[a-z]+_.+_[VNSARY]_O\\\\d*$'"]
   NG event: ["event_id: 'E_ch0018_character_Anis_V1' does not match '^E_ch\\\\d{4}_[a-z]+_.+_[VNSARY]_O\\\\d*$'"]
   NG event: ["event_id: 'E_ch0018_character_Rosemary_V1' does not match '^E_ch\\\\d{4}_[a-z]+_.+_[VNSARY]_O\\\\d*$'"]
   NG event: ["event_id: 'E_ch0018_character_Artemisia_V1' does not match '^E_ch\\\\d{4}_[a-z]+_.+_[VNSARY]_O\\\\d*$'"]
   NG event: ["event_id: 'E_ch0018_character_Artemisia_S1' does not match '^E_ch\\\\d{4}_[a-z]+_.+_[VNSARY]_O\\\\d*$'"]
   NG event: ["event_id: 'E_ch0018_character_Kain_A1' does not match '^E_ch\\\\d{4}_[a-z]+_.+_[VNSARY]_O\\\\d*$'"]
   NG event: ["event_id: 'E_ch0018_character_Trisula_A1' does not match '^E_ch\\\\d{4}_[a-z]+_.+_[VNSARY]_O\\\\d*$'"]
   NG event: ["event_id: 'E_ch0018_character_Rosemary_S1' does not match '^E_ch\\\\d{4}_[a-z]+_.+_[VNSARY]_O\\\\d*$'"]
   NG event: ["event_id: 'E_ch0018_character_Akira_S4' does not match '^E_ch\\\\d{4}_[a-z]+_.+_[VNSARY]_O\\\\d*$'"]
   NG event: ["event_id: 'E_ch0018_character_Anis_A1' does not match '^E_ch\\\\d{4}_[a-z]+_.+_[VNSARY]_O\\\\d*$'"]
   NG event: ["event_id: 'E_ch0018_character_Akira_A1' does not match '^E_ch\\\\d{4}_[a-z]+_.+_[VNSARY]_O\\\\d*$'"]
   NG event: ["event_id: 'E_ch0018_character_Kiron_A1' does not match '^E_ch\\\\d{4}_[a-z]+_.+_[VNSARY]_O\\\\d*$'"]
   NG event: ["event_id: 'E_ch0018_terminology_Abronicles_V1' does not match '^E_ch\\\\d{4}_[a-z]+_.+_[VNSARY]_O\\\\d*$'"]
   NG event: ["event_id: 'E_ch0018_character_Colcesca_V1' does not match '^E_ch\\\\d{4}_[a-z]+_.+_[VNSARY]_O\\\\d*$'"]
   NG event: ["event_id: 'E_ch0018_character_Colcesca_S1' does not match '^E_ch\\\\d{4}_[a-z]+_.+_[VNSARY]_O\\\\d*$'"]
   NG event: ["event_id: 'E_ch0018_character_Artemisia_A1' does not match '^E_ch\\\\d{4}_[a-z]+_.+_[VNSARY]_O\\\\d*$'"]
   NG event: ["event_id: 'E_ch0018_character_Kiron_A2' does not match '^E_ch\\\\d{4}_[a-z]+_.+_[VNSARY]_O\\\\d*$'"]
   NG event: ["event_id: 'E_ch0018_terminology_Mexet_V1' does not match '^E_ch\\\\d{4}_[a-z]+_.+_[VNSARY]_O\\\\d*$'"]
   NG event: ["event_id: 'E_ch0018_terminology_Shinto_V1' does not match '^E_ch\\\\d{4}_[a-z]+_.+_[VNSARY]_O\\\\d*$'"]
   NG event: ["event_id: 'E_ch0018_character_Kiron_S1' does not match '^E_ch\\\\d{4}_[a-z]+_.+_[VNSARY]_O\\\\d*$'"]
   NG event: ["event_id: 'E_ch0018_character_Kiron_A3' does not match '^E_ch\\\\d{4}_[a-z]+_.+_[VNSARY]_O\\\\d*$'"]
   NG event: ["event_id: 'E_ch0018_character_Kiron_S2' does not match '^E_ch\\\\d{4}_[a-z]+_.+_[VNSARY]_O\\\\d*$'"]
   NG event: ["event_id: 'E_ch0018_terminology_MirrorShield_V1' does not match '^E_ch\\\\d{4}_[a-z]+_.+_[VNSARY]_O\\\\d*$'"]
   NG event: ["event_id: 'E_ch0018_item_MexetWeapon_V1' does not match '^E_ch\\\\d{4}_[a-z]+_.+_[VNSARY]_O\\\\d*$'"]
   NG event: ["event_id: 'E_ch0018_item_MexetWeapon_V2' does not match '^E_ch\\\\d{4}_[a-z]+_.+_[VNSARY]_O\\\\d*$'"]
   NG event: ["event_id: 'E_ch0018_character_Kiron_S3' does not match '^E_ch\\\\d{4}_[a-z]+_.+_[VNSARY]_O\\\\d*$'"]
   NG event: ["event_id: 'E_ch0018_character_Colcesca_A1' does not match '^E_ch\\\\d{4}_[a-z]+_.+_[VNSARY]_O\\\\d*$'"]
   NG event: ["event_id: 'E_ch0018_character_Colcesca_S2' does not match '^E_ch\\\\d{4}_[a-z]+_.+_[VNSARY]_O\\\\d*$'"]
   NG event: ["event_id: 'E_ch0018_character_Kiron_S4' does not match '^E_ch\\\\d{4}_[a-z]+_.+_[VNSARY]_O\\\\d*$'"]
   NG event: ["event_id: 'E_ch0018_motif_Monochrome_V1' does not match '^E_ch\\\\d{4}_[a-z]+_.+_[VNSARY]_O\\\\d*$'"]
   OK C:\Users\d5dx\Downloads\Code\AllusionistLLMWiki2\..\AllusionistLLMWiki2_Work\events\ch0018.jsonl に 0 件書き込み
   WARN 42 件が無効（スキップ）

[ch0019] 処理中...
   32 件のイベントを抽出
   NG event: ["event_id: 'E_ch0019_character_Kiron_V1' does not match '^E_ch\\\\d{4}_[a-z]+_.+_[VNSARY]_O\\\\d*$'"]
   NG event: ["event_id: 'E_ch0019_terminology_Kiron_Name' does not match '^E_ch\\\\d{4}_[a-z]+_.+_[VNSARY]_O\\\\d*$'"]
   NG event: ["event_id: 'E_ch0019_character_Kiron_S1' does not match '^E_ch\\\\d{4}_[a-z]+_.+_[VNSARY]_O\\\\d*$'"]
   NG event: ["event_id: 'E_ch0019_terminology_Halhalhar' does not match '^E_ch\\\\d{4}_[a-z]+_.+_[VNSARY]_O\\\\d*$'"]
   NG event: ["event_id: 'E_ch0019_character_Akira_A1' does not match '^E_ch\\\\d{4}_[a-z]+_.+_[VNSARY]_O\\\\d*$'"]
   NG event: ["event_id: 'E_ch0019_character_Kiron_A1' does not match '^E_ch\\\\d{4}_[a-z]+_.+_[VNSARY]_O\\\\d*$'"]
   NG event: ["event_id: 'E_ch0019_character_Kiron_A2' does not match '^E_ch\\\\d{4}_[a-z]+_.+_[VNSARY]_O\\\\d*$'"]
   NG event: ["event_id: 'E_ch0019_terminology_Attribute' does not match '^E_ch\\\\d{4}_[a-z]+_.+_[VNSARY]_O\\\\d*$'"]
   NG event: ["event_id: 'E_ch0019_character_Kiron_S2' does not match '^E_ch\\\\d{4}_[a-z]+_.+_[VNSARY]_O\\\\d*$'"]
   NG event: ["event_id: 'E_ch0019_character_Kiron_A3' does not match '^E_ch\\\\d{4}_[a-z]+_.+_[VNSARY]_O\\\\d*$'"]
   NG event: ["event_id: 'E_ch0019_character_Corsesca_A1' does not match '^E_ch\\\\d{4}_[a-z]+_.+_[VNSARY]_O\\\\d*$'"]
   NG event: ["event_id: 'E_ch0019_character_Kiron_A4' does not match '^E_ch\\\\d{4}_[a-z]+_.+_[VNSARY]_O\\\\d*$'"]
   NG event: ["event_id: 'E_ch0019_terminology_ReincarnationKiller' does not match '^E_ch\\\\d{4}_[a-z]+_.+_[VNSARY]_O\\\\d*$'"]
   NG event: ["event_id: 'E_ch0019_character_Kiron_S3' does not match '^E_ch\\\\d{4}_[a-z]+_.+_[VNSARY]_O\\\\d*$'"]
   NG event: ["event_id: 'E_ch0019_character_Kiron_S4' does not match '^E_ch\\\\d{4}_[a-z]+_.+_[VNSARY]_O\\\\d*$'"]
   NG event: ["event_id: 'E_ch0019_character_Kiron_S5' does not match '^E_ch\\\\d{4}_[a-z]+_.+_[VNSARY]_O\\\\d*$'"]
   NG event: ["event_id: 'E_ch0019_character_Corsesca_R1' does not match '^E_ch\\\\d{4}_[a-z]+_.+_[VNSARY]_O\\\\d*$'"]
   NG event: ["event_id: 'E_ch0019_character_Akira_A2' does not match '^E_ch\\\\d{4}_[a-z]+_.+_[VNSARY]_O\\\\d*$'"]
   NG event: ["event_id: 'E_ch0019_character_Corsesca_V1' does not match '^E_ch\\\\d{4}_[a-z]+_.+_[VNSARY]_O\\\\d*$'"]
   NG event: ["event_id: 'E_ch0019_terminology_IceBloodWitch' does not match '^E_ch\\\\d{4}_[a-z]+_.+_[VNSARY]_O\\\\d*$'"]
   NG event: ["event_id: 'E_ch0019_character_Akira_R1' does not match '^E_ch\\\\d{4}_[a-z]+_.+_[VNSARY]_O\\\\d*$'"]
   NG event: ["event_id: 'E_ch0019_character_Corsesca_S1' does not match '^E_ch\\\\d{4}_[a-z]+_.+_[VNSARY]_O\\\\d*$'"]
   NG event: ["event_id: 'E_ch0019_character_Corsesca_S2' does not match '^E_ch\\\\d{4}_[a-z]+_.+_[VNSARY]_O\\\\d*$'"]
   NG event: ["event_id: 'E_ch0019_terminology_TimeFreeze' does not match '^E_ch\\\\d{4}_[a-z]+_.+_[VNSARY]_O\\\\d*$'"]
   NG event: ["event_id: 'E_ch0019_character_Akira_S1' does not match '^E_ch\\\\d{4}_[a-z]+_.+_[VNSARY]_O\\\\d*$'"]
   NG event: ["event_id: 'E_ch0019_character_Akira_Y1' does not match '^E_ch\\\\d{4}_[a-z]+_.+_[VNSARY]_O\\\\d*$'"]
   NG event: ["event_id: 'E_ch0019_item_Weapons' does not match '^E_ch\\\\d{4}_[a-z]+_.+_[VNSARY]_O\\\\d*$'"]
   NG event: ["event_id: 'E_ch0019_terminology_MercyKill' does not match '^E_ch\\\\d{4}_[a-z]+_.+_[VNSARY]_O\\\\d*$'"]
   NG event: ["event_id: 'E_ch0019_character_Trishula_V1' does not match '^E_ch\\\\d{4}_[a-z]+_.+_[VNSARY]_O\\\\d*$'"]
   NG event: ["event_id: 'E_ch0019_character_Trishula_A1' does not match '^E_ch\\\\d{4}_[a-z]+_.+_[VNSARY]_O\\\\d*$'"]
   NG event: ["event_id: 'E_ch0019_character_Akira_V1' does not match '^E_ch\\\\d{4}_[a-z]+_.+_[VNSARY]_O\\\\d*$'"]
   NG event: ["event_id: 'E_ch0019_character_Trishula_S1' does not match '^E_ch\\\\d{4}_[a-z]+_.+_[VNSARY]_O\\\\d*$'"]
   OK C:\Users\d5dx\Downloads\Code\AllusionistLLMWiki2\..\AllusionistLLMWiki2_Work\events\ch0019.jsonl に 0 件書き込み
   WARN 32 件が無効（スキップ）

[ch0020] 処理中...
   30 件のイベントを抽出
   NG event: ["event_id: 'E_ch0020_character_trishula_S2' does not match '^E_ch\\\\d{4}_[a-z]+_.+_[VNSARY]_O\\\\d*$'"]
   NG event: ["event_id: 'E_ch0020_character_trishula_S3' does not match '^E_ch\\\\d{4}_[a-z]+_.+_[VNSARY]_O\\\\d*$'"]
   NG event: ["event_id: 'E_ch0020_character_trishula_S4' does not match '^E_ch\\\\d{4}_[a-z]+_.+_[VNSARY]_O\\\\d*$'"]
   NG event: ["event_id: 'E_ch0020_character_trishula_S5' does not match '^E_ch\\\\d{4}_[a-z]+_.+_[VNSARY]_O\\\\d*$'"]
   NG event: ["event_id: 'E_ch0020_character_colcesca_A2' does not match '^E_ch\\\\d{4}_[a-z]+_.+_[VNSARY]_O\\\\d*$'"]
   NG event: ["event_id: 'E_ch0020_character_colcesca_A3' does not match '^E_ch\\\\d{4}_[a-z]+_.+_[VNSARY]_O\\\\d*$'"]
   NG event: ["event_id: 'E_ch0020_character_colcesca_S2' does not match '^E_ch\\\\d{4}_[a-z]+_.+_[VNSARY]_O\\\\d*$'"]
   NG event: ["event_id: 'E_ch0020_character_colcesca_A4' does not match '^E_ch\\\\d{4}_[a-z]+_.+_[VNSARY]_O\\\\d*$'"]
   NG event: ["event_id: 'E_ch0020_character_male_S2' does not match '^E_ch\\\\d{4}_[a-z]+_.+_[VNSARY]_O\\\\d*$'"]
   NG event: ["event_id: 'E_ch0020_character_male_S3' does not match '^E_ch\\\\d{4}_[a-z]+_.+_[VNSARY]_O\\\\d*$'"]
   OK C:\Users\d5dx\Downloads\Code\AllusionistLLMWiki2\..\AllusionistLLMWiki2_Work\events\ch0020.jsonl に 20 件書き込み
   WARN 10 件が無効（スキップ）

[ch0021] 処理中...
   44 件のイベントを抽出
   NG event: ["event_id: 'E_ch0021_character_Colcesca_V1' does not match '^E_ch\\\\d{4}_[a-z]+_.+_[VNSARY]_O\\\\d*$'"]
   NG event: ["event_id: 'E_ch0021_character_Colcesca_N1' does not match '^E_ch\\\\d{4}_[a-z]+_.+_[VNSARY]_O\\\\d*$'"]
   NG event: ["event_id: 'E_ch0021_character_Colcesca_S1' does not match '^E_ch\\\\d{4}_[a-z]+_.+_[VNSARY]_O\\\\d*$'"]
   NG event: ["event_id: 'E_ch0021_character_Colcesca_R1' does not match '^E_ch\\\\d{4}_[a-z]+_.+_[VNSARY]_O\\\\d*$'"]
   NG event: ["event_id: 'E_ch0021_character_Colcesca_S2' does not match '^E_ch\\\\d{4}_[a-z]+_.+_[VNSARY]_O\\\\d*$'"]
   NG event: ["event_id: 'E_ch0021_character_Colcesca_A1' does not match '^E_ch\\\\d{4}_[a-z]+_.+_[VNSARY]_O\\\\d*$'"]
   NG event: ["event_id: 'E_ch0021_character_Colcesca_S3' does not match '^E_ch\\\\d{4}_[a-z]+_.+_[VNSARY]_O\\\\d*$'"]
   NG event: ["event_id: 'E_ch0021_character_Colcesca_S4' does not match '^E_ch\\\\d{4}_[a-z]+_.+_[VNSARY]_O\\\\d*$'"]
   NG event: ["event_id: 'E_ch0021_character_Colcesca_S5' does not match '^E_ch\\\\d{4}_[a-z]+_.+_[VNSARY]_O\\\\d*$'"]
   NG event: ["event_id: 'E_ch0021_character_Colcesca_S6' does not match '^E_ch\\\\d{4}_[a-z]+_.+_[VNSARY]_O\\\\d*$'"]
   NG event: ["event_id: 'E_ch0021_character_Colcesca_S7' does not match '^E_ch\\\\d{4}_[a-z]+_.+_[VNSARY]_O\\\\d*$'"]
   NG event: ["event_id: 'E_ch0021_character_Colcesca_S8' does not match '^E_ch\\\\d{4}_[a-z]+_.+_[VNSARY]_O\\\\d*$'"]
   NG event: ["event_id: 'E_ch0021_character_Colcesca_S9' does not match '^E_ch\\\\d{4}_[a-z]+_.+_[VNSARY]_O\\\\d*$'"]
   NG event: ["event_id: 'E_ch0021_character_Colcesca_S11' does not match '^E_ch\\\\d{4}_[a-z]+_.+_[VNSARY]_O\\\\d*$'"]
   NG event: ["event_id: 'E_ch0021_character_Colcesca_S12' does not match '^E_ch\\\\d{4}_[a-z]+_.+_[VNSARY]_O\\\\d*$'"]
   NG event: ["event_id: 'E_ch0021_character_Colcesca_S13' does not match '^E_ch\\\\d{4}_[a-z]+_.+_[VNSARY]_O\\\\d*$'"]
   NG event: ["event_id: 'E_ch0021_character_Colcesca_A2' does not match '^E_ch\\\\d{4}_[a-z]+_.+_[VNSARY]_O\\\\d*$'"]
   NG event: ["event_id: 'E_ch0021_character_Colcesca_S14' does not match '^E_ch\\\\d{4}_[a-z]+_.+_[VNSARY]_O\\\\d*$'"]
   NG event: ["event_id: 'E_ch0021_character_Colcesca_S15' does not match '^E_ch\\\\d{4}_[a-z]+_.+_[VNSARY]_O\\\\d*$'"]
   NG event: ["event_id: 'E_ch0021_character_Colcesca_A3' does not match '^E_ch\\\\d{4}_[a-z]+_.+_[VNSARY]_O\\\\d*$'"]
   NG event: ["event_id: 'E_ch0021_character_Colcesca_S16' does not match '^E_ch\\\\d{4}_[a-z]+_.+_[VNSARY]_O\\\\d*$'"]
   NG event: ["event_id: 'E_ch0021_character_Colcesca_S17' does not match '^E_ch\\\\d{4}_[a-z]+_.+_[VNSARY]_O\\\\d*$'"]
   NG event: ["event_id: 'E_ch0021_character_Colcesca_S18' does not match '^E_ch\\\\d{4}_[a-z]+_.+_[VNSARY]_O\\\\d*$'"]
   NG event: ["event_id: 'E_ch0021_character_Colcesca_S19' does not match '^E_ch\\\\d{4}_[a-z]+_.+_[VNSARY]_O\\\\d*$'"]
   NG event: ["event_id: 'E_ch0021_character_Colcesca_S20' does not match '^E_ch\\\\d{4}_[a-z]+_.+_[VNSARY]_O\\\\d*$'"]
   NG event: ["event_id: 'E_ch0021_character_Colcesca_S21' does not match '^E_ch\\\\d{4}_[a-z]+_.+_[VNSARY]_O\\\\d*$'"]
   NG event: ["event_id: 'E_ch0021_character_Colcesca_S22' does not match '^E_ch\\\\d{4}_[a-z]+_.+_[VNSARY]_O\\\\d*$'"]
   NG event: ["event_id: 'E_ch0021_terminology_Kinkai_S1' does not match '^E_ch\\\\d{4}_[a-z]+_.+_[VNSARY]_O\\\\d*$'"]
   NG event: ["event_id: 'E_ch0021_terminology_Shinketsuju_S1' does not match '^E_ch\\\\d{4}_[a-z]+_.+_[VNSARY]_O\\\\d*$'"]
   NG event: ["event_id: 'E_ch0021_terminology_Shinketsuju_S2' does not match '^E_ch\\\\d{4}_[a-z]+_.+_[VNSARY]_O\\\\d*$'"]
   NG event: ["event_id: 'E_ch0021_terminology_Shinketsuju_S3' does not match '^E_ch\\\\d{4}_[a-z]+_.+_[VNSARY]_O\\\\d*$'"]
   NG event: ["event_id: 'E_ch0021_terminology_Shinketsuju_S4' does not match '^E_ch\\\\d{4}_[a-z]+_.+_[VNSARY]_O\\\\d*$'"]
   NG event: ["event_id: 'E_ch0021_character_Trishula_S1' does not match '^E_ch\\\\d{4}_[a-z]+_.+_[VNSARY]_O\\\\d*$'"]
   NG event: ["event_id: 'E_ch0021_character_Trishula_S2' does not match '^E_ch\\\\d{4}_[a-z]+_.+_[VNSARY]_O\\\\d*$'"]
   NG event: ["event_id: 'E_ch0021_character_Trishula_S3' does not match '^E_ch\\\\d{4}_[a-z]+_.+_[VNSARY]_O\\\\d*$'"]
   NG event: ["event_id: 'E_ch0021_character_Trishula_S4' does not match '^E_ch\\\\d{4}_[a-z]+_.+_[VNSARY]_O\\\\d*$'"]
   NG event: ["event_id: 'E_ch0021_character_Trishula_S5' does not match '^E_ch\\\\d{4}_[a-z]+_.+_[VNSARY]_O\\\\d*$'"]
   NG event: ["event_id: 'E_ch0021_character_Trishula_S6' does not match '^E_ch\\\\d{4}_[a-z]+_.+_[VNSARY]_O\\\\d*$'"]
   NG event: ["event_id: 'E_ch0021_character_Trishula_V1' does not match '^E_ch\\\\d{4}_[a-z]+_.+_[VNSARY]_O\\\\d*$'"]
   NG event: ["event_id: 'E_ch0021_character_Colcesca_V2' does not match '^E_ch\\\\d{4}_[a-z]+_.+_[VNSARY]_O\\\\d*$'"]
   NG event: ["event_id: 'E_ch0021_character_Colcesca_S23' does not match '^E_ch\\\\d{4}_[a-z]+_.+_[VNSARY]_O\\\\d*$'"]
   NG event: ["event_id: 'E_ch0021_character_Rina_S1' does not match '^E_ch\\\\d{4}_[a-z]+_.+_[VNSARY]_O\\\\d*$'"]
   NG event: ["event_id: 'E_ch0021_character_Akira_S1' does not match '^E_ch\\\\d{4}_[a-z]+_.+_[VNSARY]_O\\\\d*$'"]
   NG event: ["event_id: 'E_ch0021_character_Rina_S2' does not match '^E_ch\\\\d{4}_[a-z]+_.+_[VNSARY]_O\\\\d*$'"]
   OK C:\Users\d5dx\Downloads\Code\AllusionistLLMWiki2\..\AllusionistLLMWiki2_Work\events\ch0021.jsonl に 0 件書き込み
   WARN 44 件が無効（スキップ）

[ch0022] 処理中...
   26 件のイベントを抽出
   OK C:\Users\d5dx\Downloads\Code\AllusionistLLMWiki2\..\AllusionistLLMWiki2_Work\events\ch0022.jsonl に 26 件書き込み

[ch0023] 処理中...
   WARN chunk 1: JSON 解析不能（8767 chars）→ スキップ
   17 件のイベントを抽出
   NG event: ["event_id: 'E_ch0023_character_Trishula_S1' does not match '^E_ch\\\\d{4}_[a-z]+_.+_[VNSARY]_O\\\\d*$'"]
   NG event: ["event_id: 'E_ch0023_character_Trishula_A1' does not match '^E_ch\\\\d{4}_[a-z]+_.+_[VNSARY]_O\\\\d*$'"]
   NG event: ["event_id: 'E_ch0023_character_Trishula_S2' does not match '^E_ch\\\\d{4}_[a-z]+_.+_[VNSARY]_O\\\\d*$'"]
   NG event: ["event_id: 'E_ch0023_character_Trishula_A2' does not match '^E_ch\\\\d{4}_[a-z]+_.+_[VNSARY]_O\\\\d*$'"]
   NG event: ["event_id: 'E_ch0023_character_Coltesca_A1' does not match '^E_ch\\\\d{4}_[a-z]+_.+_[VNSARY]_O\\\\d*$'"]
   NG event: ["event_id: 'E_ch0023_character_Coltesca_S1' does not match '^E_ch\\\\d{4}_[a-z]+_.+_[VNSARY]_O\\\\d*$'"]
   NG event: ["event_id: 'E_ch0023_character_Trishula_S3' does not match '^E_ch\\\\d{4}_[a-z]+_.+_[VNSARY]_O\\\\d*$'"]
   NG event: ["event_id: 'E_ch0023_character_Coltesca_A2' does not match '^E_ch\\\\d{4}_[a-z]+_.+_[VNSARY]_O\\\\d*$'"]
   NG event: ["event_id: 'E_ch0023_character_Trishula_V1' does not match '^E_ch\\\\d{4}_[a-z]+_.+_[VNSARY]_O\\\\d*$'"]
   NG event: ["event_id: 'E_ch0023_character_Trishula_S4' does not match '^E_ch\\\\d{4}_[a-z]+_.+_[VNSARY]_O\\\\d*$'"]
   NG event: ["event_id: 'E_ch0023_character_Trishula_A3' does not match '^E_ch\\\\d{4}_[a-z]+_.+_[VNSARY]_O\\\\d*$'"]
   NG event: ["event_id: 'E_ch0023_character_Trishula_S5' does not match '^E_ch\\\\d{4}_[a-z]+_.+_[VNSARY]_O\\\\d*$'"]
   NG event: ["event_id: 'E_ch0023_terminology_Kigurumi_Y1' does not match '^E_ch\\\\d{4}_[a-z]+_.+_[VNSARY]_O\\\\d*$'"]
   NG event: ["event_id: 'E_ch0023_character_Akira_A1' does not match '^E_ch\\\\d{4}_[a-z]+_.+_[VNSARY]_O\\\\d*$'"]
   NG event: ["event_id: 'E_ch0023_character_Coltesca_N1' does not match '^E_ch\\\\d{4}_[a-z]+_.+_[VNSARY]_O\\\\d*$'"]
   NG event: ["event_id: 'E_ch0023_character_Coltesca_R1' does not match '^E_ch\\\\d{4}_[a-z]+_.+_[VNSARY]_O\\\\d*$'"]
   NG event: ["event_id: 'E_ch0023_character_Akira_S1' does not match '^E_ch\\\\d{4}_[a-z]+_.+_[VNSARY]_O\\\\d*$'"]
   OK C:\Users\d5dx\Downloads\Code\AllusionistLLMWiki2\..\AllusionistLLMWiki2_Work\events\ch0023.jsonl に 0 件書き込み
   WARN 17 件が無効（スキップ）

[ch0024] 処理中...
   41 件のイベントを抽出
   NG event: ["event_id: 'E_ch0024_character_Kolceska_V1' does not match '^E_ch\\\\d{4}_[a-z]+_.+_[VNSARY]_O\\\\d*$'"]
   NG event: ["event_id: 'E_ch0024_character_Kolceska_S1' does not match '^E_ch\\\\d{4}_[a-z]+_.+_[VNSARY]_O\\\\d*$'"]
   NG event: ["event_id: 'E_ch0024_character_Trisula_V1' does not match '^E_ch\\\\d{4}_[a-z]+_.+_[VNSARY]_O\\\\d*$'"]
   NG event: ["event_id: 'E_ch0024_terminology_Ruler_N1' does not match '^E_ch\\\\d{4}_[a-z]+_.+_[VNSARY]_O\\\\d*$'"]
   NG event: ["event_id: 'E_ch0024_terminology_Evoker_N1' does not match '^E_ch\\\\d{4}_[a-z]+_.+_[VNSARY]_O\\\\d*$'"]
   NG event: ["event_id: 'E_ch0024_terminology_RuleMaster_N1' does not match '^E_ch\\\\d{4}_[a-z]+_.+_[VNSARY]_O\\\\d*$'"]
   NG event: ["event_id: 'E_ch0024_terminology_Necromancer_N1' does not match '^E_ch\\\\d{4}_[a-z]+_.+_[VNSARY]_O\\\\d*$'"]
   NG event: ["event_id: 'E_ch0024_character_Kolceska_S2' does not match '^E_ch\\\\d{4}_[a-z]+_.+_[VNSARY]_O\\\\d*$'"]
   NG event: ["event_id: 'E_ch0024_character_Akira_R1' does not match '^E_ch\\\\d{4}_[a-z]+_.+_[VNSARY]_O\\\\d*$'"]
   NG event: ["event_id: 'E_ch0024_character_Akira_V1' does not match '^E_ch\\\\d{4}_[a-z]+_.+_[VNSARY]_O\\\\d*$'"]
   NG event: ["event_id: 'E_ch0024_item_Capsule_V1' does not match '^E_ch\\\\d{4}_[a-z]+_.+_[VNSARY]_O\\\\d*$'"]
   NG event: ["event_id: 'E_ch0024_item_Capsule_S1' does not match '^E_ch\\\\d{4}_[a-z]+_.+_[VNSARY]_O\\\\d*$'"]
   NG event: ["event_id: 'E_ch0024_character_Kiron_V1' does not match '^E_ch\\\\d{4}_[a-z]+_.+_[VNSARY]_O\\\\d*$'"]
   NG event: ["event_id: 'E_ch0024_terminology_StatusReference_S1' does not match '^E_ch\\\\d{4}_[a-z]+_.+_[VNSARY]_O\\\\d*$'"]
   NG event: ["event_id: 'E_ch0024_character_Kiron_S1' does not match '^E_ch\\\\d{4}_[a-z]+_.+_[VNSARY]_O\\\\d*$'"]
   NG event: ["event_id: 'E_ch0024_character_Kiron_A1' does not match '^E_ch\\\\d{4}_[a-z]+_.+_[VNSARY]_O\\\\d*$'"]
   NG event: ["event_id: 'E_ch0024_item_RightArm_V1' does not match '^E_ch\\\\d{4}_[a-z]+_.+_[VNSARY]_O\\\\d*$'"]
   NG event: ["event_id: 'E_ch0024_item_RightArm_A1' does not match '^E_ch\\\\d{4}_[a-z]+_.+_[VNSARY]_O\\\\d*$'"]
   NG event: ["event_id: 'E_ch0024_item_LeftArm_V1' does not match '^E_ch\\\\d{4}_[a-z]+_.+_[VNSARY]_O\\\\d*$'"]
   NG event: ["event_id: 'E_ch0024_item_LeftArm_A1' does not match '^E_ch\\\\d{4}_[a-z]+_.+_[VNSARY]_O\\\\d*$'"]
   NG event: ["event_id: 'E_ch0024_terminology_CyberKarate_Y1' does not match '^E_ch\\\\d{4}_[a-z]+_.+_[VNSARY]_O\\\\d*$'"]
   NG event: ["event_id: 'E_ch0024_item_StoneTablet_A1' does not match '^E_ch\\\\d{4}_[a-z]+_.+_[VNSARY]_O\\\\d*$'"]
   NG event: ["event_id: 'E_ch0024_character_Kiron_A2' does not match '^E_ch\\\\d{4}_[a-z]+_.+_[VNSARY]_O\\\\d*$'"]
   NG event: ["event_id: 'E_ch0024_character_Akira_A1' does not match '^E_ch\\\\d{4}_[a-z]+_.+_[VNSARY]_O\\\\d*$'"]
   NG event: ["event_id: 'E_ch0024_terminology_ShadowRelic_N1' does not match '^E_ch\\\\d{4}_[a-z]+_.+_[VNSARY]_O\\\\d*$'"]
   NG event: ["event_id: 'E_ch0024_terminology_Valerianne_N1' does not match '^E_ch\\\\d{4}_[a-z]+_.+_[VNSARY]_O\\\\d*$'"]
   NG event: ["event_id: 'E_ch0024_item_WitchOrder_V1' does not match '^E_ch\\\\d{4}_[a-z]+_.+_[VNSARY]_O\\\\d*$'"]
   NG event: ["event_id: 'E_ch0024_item_WitchOrder_S1' does not match '^E_ch\\\\d{4}_[a-z]+_.+_[VNSARY]_O\\\\d*$'"]
   NG event: ["event_id: 'E_ch0024_item_WitchOrder_A1' does not match '^E_ch\\\\d{4}_[a-z]+_.+_[VNSARY]_O\\\\d*$'"]
   NG event: ["event_id: 'E_ch0024_item_WitchOrder_A2' does not match '^E_ch\\\\d{4}_[a-z]+_.+_[VNSARY]_O\\\\d*$'"]
   NG event: ["event_id: 'E_ch0024_character_Kiron_A3' does not match '^E_ch\\\\d{4}_[a-z]+_.+_[VNSARY]_O\\\\d*$'"]
   NG event: ["event_id: 'E_ch0024_character_Leo_A1' does not match '^E_ch\\\\d{4}_[a-z]+_.+_[VNSARY]_O\\\\d*$'"]
   NG event: ["event_id: 'E_ch0024_character_Leo_S1' does not match '^E_ch\\\\d{4}_[a-z]+_.+_[VNSARY]_O\\\\d*$'"]
   NG event: ["event_id: 'E_ch0024_character_RouKain_A1' does not match '^E_ch\\\\d{4}_[a-z]+_.+_[VNSARY]_O\\\\d*$'"]
   NG event: ["event_id: 'E_ch0024_character_RouKain_V1' does not match '^E_ch\\\\d{4}_[a-z]+_.+_[VNSARY]_O\\\\d*$'"]
   NG event: ["event_id: 'E_ch0024_character_RouKain_A2' does not match '^E_ch\\\\d{4}_[a-z]+_.+_[VNSARY]_O\\\\d*$'"]
   NG event: ["event_id: 'E_ch0024_character_Trisula_A1' does not match '^E_ch\\\\d{4}_[a-z]+_.+_[VNSARY]_O\\\\d*$'"]
   NG event: ["event_id: 'E_ch0024_character_Trisula_A2' does not match '^E_ch\\\\d{4}_[a-z]+_.+_[VNSARY]_O\\\\d*$'"]
   NG event: ["event_id: 'E_ch0024_terminology_Ruscomies_N1' does not match '^E_ch\\\\d{4}_[a-z]+_.+_[VNSARY]_O\\\\d*$'"]
   NG event: ["event_id: 'E_ch0024_terminology_Trydent_N1' does not match '^E_ch\\\\d{4}_[a-z]+_.+_[VNSARY]_O\\\\d*$'"]
   NG event: ["event_id: 'E_ch0024_terminology_Reincarnation_N1' does not match '^E_ch\\\\d{4}_[a-z]+_.+_[VNSARY]_O\\\\d*$'"]
   OK C:\Users\d5dx\Downloads\Code\AllusionistLLMWiki2\..\AllusionistLLMWiki2_Work\events\ch0024.jsonl に 0 件書き込み
   WARN 41 件が無効（スキップ）

[ch0025] 処理中...
   27 件のイベントを抽出
   NG event: ["event_id: 'E_ch0025_terminology_Azanoele_S2' does not match '^E_ch\\\\d{4}_[a-z]+_.+_[VNSARY]_O\\\\d*$'"]
   NG event: ["event_id: 'E_ch0025_character_Kiron_Background' does not match '^E_ch\\\\d{4}_[a-z]+_.+_[VNSARY]_O\\\\d*$'"]
   NG event: ["event_id: 'E_ch0025_terminology_OnlineNovel_S2' does not match '^E_ch\\\\d{4}_[a-z]+_.+_[VNSARY]_O\\\\d*$'"]
   OK C:\Users\d5dx\Downloads\Code\AllusionistLLMWiki2\..\AllusionistLLMWiki2_Work\events\ch0025.jsonl に 24 件書き込み
   WARN 3 件が無効（スキップ）

[ch0026] 処理中...
   WARN chunk 1: JSON 解析不能（8137 chars）→ スキップ
   16 件のイベントを抽出
   OK C:\Users\d5dx\Downloads\Code\AllusionistLLMWiki2\..\AllusionistLLMWiki2_Work\events\ch0026.jsonl に 16 件書き込み

[ch0027] 処理中...
   14 件のイベントを抽出
   NG event: ["event_id: 'E_ch0027_character_Trishula_V1' does not match '^E_ch\\\\d{4}_[a-z]+_.+_[VNSARY]_O\\\\d*$'"]
   NG event: ["event_id: 'E_ch0027_character_Trishula_S1' does not match '^E_ch\\\\d{4}_[a-z]+_.+_[VNSARY]_O\\\\d*$'"]
   NG event: ["event_id: 'E_ch0027_character_Trishula_S2' does not match '^E_ch\\\\d{4}_[a-z]+_.+_[VNSARY]_O\\\\d*$'"]
   NG event: ["event_id: 'E_ch0027_character_Trishula_A1' does not match '^E_ch\\\\d{4}_[a-z]+_.+_[VNSARY]_O\\\\d*$'"]
   NG event: ["event_id: 'E_ch0027_terminology_Galoandian_N1' does not match '^E_ch\\\\d{4}_[a-z]+_.+_[VNSARY]_O\\\\d*$'"]
   NG event: ["event_id: 'E_ch0027_character_Akira_S1' does not match '^E_ch\\\\d{4}_[a-z]+_.+_[VNSARY]_O\\\\d*$'"]
   NG event: ["event_id: 'E_ch0027_character_Razri_N1' does not match '^E_ch\\\\d{4}_[a-z]+_.+_[VNSARY]_O\\\\d*$'"]
   NG event: ["event_id: 'E_ch0027_character_Razri_V1' does not match '^E_ch\\\\d{4}_[a-z]+_.+_[VNSARY]_O\\\\d*$'"]
   NG event: ["event_id: 'E_ch0027_terminology_CyberKarate_Y1' does not match '^E_ch\\\\d{4}_[a-z]+_.+_[VNSARY]_O\\\\d*$'"]
   NG event: ["event_id: 'E_ch0027_character_Colcesca_S1' does not match '^E_ch\\\\d{4}_[a-z]+_.+_[VNSARY]_O\\\\d*$'"]
   NG event: ["event_id: 'E_ch0027_character_Leo_A1' does not match '^E_ch\\\\d{4}_[a-z]+_.+_[VNSARY]_O\\\\d*$'"]
   NG event: ["event_id: 'E_ch0027_character_Azuria_N1' does not match '^E_ch\\\\d{4}_[a-z]+_.+_[VNSARY]_O\\\\d*$'"]
   NG event: ["event_id: 'E_ch0027_terminology_Trident_R1' does not match '^E_ch\\\\d{4}_[a-z]+_.+_[VNSARY]_O\\\\d*$'"]
   NG event: ["event_id: 'E_ch0027_terminology_Metrian_R1' does not match '^E_ch\\\\d{4}_[a-z]+_.+_[VNSARY]_O\\\\d*$'"]
   OK C:\Users\d5dx\Downloads\Code\AllusionistLLMWiki2\..\AllusionistLLMWiki2_Work\events\ch0027.jsonl に 0 件書き込み
   WARN 14 件が無効（スキップ）

[ch0028] 処理中...
   15 件のイベントを抽出
   NG event: ["event_id: 'E_ch0028_terminology_保険屋_O' does not match '^E_ch\\\\d{4}_[a-z]+_.+_[VNSARY]_O\\\\d*$'"]
   NG event: ["event_id: 'E_ch0028_terminology_重複転生_O' does not match '^E_ch\\\\d{4}_[a-z]+_.+_[VNSARY]_O\\\\d*$'"]
   NG event: ["event_id: 'E_ch0028_character_造井玲_R2' does not match '^E_ch\\\\d{4}_[a-z]+_.+_[VNSARY]_O\\\\d*$'"]
   NG event: ["event_id: 'E_ch0028_character_造井玲_V2' does not match '^E_ch\\\\d{4}_[a-z]+_.+_[VNSARY]_O\\\\d*$'"]
   NG event: ["event_id: 'E_ch0028_character_造井玲_A2' does not match '^E_ch\\\\d{4}_[a-z]+_.+_[VNSARY]_O\\\\d*$'"]
   NG event: ["event_id: 'E_ch0028_character_造井玲_A3' does not match '^E_ch\\\\d{4}_[a-z]+_.+_[VNSARY]_O\\\\d*$'"]
   OK C:\Users\d5dx\Downloads\Code\AllusionistLLMWiki2\..\AllusionistLLMWiki2_Work\events\ch0028.jsonl に 9 件書き込み
   WARN 6 件が無効（スキップ）

[ch0029] 処理中...
   24 件のイベントを抽出
   NG event: ["event_id: 'E_ch0029_terminology_Riddle_O' does not match '^E_ch\\\\d{4}_[a-z]+_.+_[VNSARY]_O\\\\d*$'"]
   NG event: ["event_id: 'E_ch0029_terminology_AstralProjection_O' does not match '^E_ch\\\\d{4}_[a-z]+_.+_[VNSARY]_O\\\\d*$'"]
   NG event: ["event_id: 'E_ch0029_terminology_AstralWorld_O' does not match '^E_ch\\\\d{4}_[a-z]+_.+_[VNSARY]_O\\\\d*$'"]
   NG event: ["event_id: 'E_ch0029_item_AzuriaName_O' does not match '^E_ch\\\\d{4}_[a-z]+_.+_[VNSARY]_O\\\\d*$'"]
   NG event: ["event_id: 'E_ch0029_terminology_Ghost_O' does not match '^E_ch\\\\d{4}_[a-z]+_.+_[VNSARY]_O\\\\d*$'"]
   OK C:\Users\d5dx\Downloads\Code\AllusionistLLMWiki2\..\AllusionistLLMWiki2_Work\events\ch0029.jsonl に 19 件書き込み
   WARN 5 件が無効（スキップ）

[ch0030] 処理中...
   19 件のイベントを抽出
   NG event: ["event_id: 'E_ch0030_character_Kunata_V2' does not match '^E_ch\\\\d{4}_[a-z]+_.+_[VNSARY]_O\\\\d*$'"]
   NG event: ["event_id: 'E_ch0030_character_Azuria_R2' does not match '^E_ch\\\\d{4}_[a-z]+_.+_[VNSARY]_O\\\\d*$'"]
   NG event: ["event_id: 'E_ch0030_character_Azuria_R3' does not match '^E_ch\\\\d{4}_[a-z]+_.+_[VNSARY]_O\\\\d*$'"]
   NG event: ["event_id: 'E_ch0030_character_Kunata_Y2' does not match '^E_ch\\\\d{4}_[a-z]+_.+_[VNSARY]_O\\\\d*$'"]
   NG event: ["event_id: 'E_ch0030_character_Kunata_S2' does not match '^E_ch\\\\d{4}_[a-z]+_.+_[VNSARY]_O\\\\d*$'"]
   NG event: ["event_id: 'E_ch0030_character_Kunata_A2' does not match '^E_ch\\\\d{4}_[a-z]+_.+_[VNSARY]_O\\\\d*$'"]
   OK C:\Users\d5dx\Downloads\Code\AllusionistLLMWiki2\..\AllusionistLLMWiki2_Work\events\ch0030.jsonl に 13 件書き込み
   WARN 6 件が無効（スキップ）

[ch0031] 処理中...
   36 件のイベントを抽出
   NG event: ["event_id: 'E_ch0031_character_LazefPyuxis_V1' does not match '^E_ch\\\\d{4}_[a-z]+_.+_[VNSARY]_O\\\\d*$'"]
   NG event: ["event_id: 'E_ch0031_character_LazefPyuxis_S1' does not match '^E_ch\\\\d{4}_[a-z]+_.+_[VNSARY]_O\\\\d*$'"]
   NG event: ["event_id: 'E_ch0031_character_LazefPyuxis_S2' does not match '^E_ch\\\\d{4}_[a-z]+_.+_[VNSARY]_O\\\\d*$'"]
   NG event: ["event_id: 'E_ch0031_organization_ShieldOfWisdomGod_R1' does not match '^E_ch\\\\d{4}_[a-z]+_.+_[VNSARY]_O\\\\d*$'"]
   NG event: ["event_id: 'E_ch0031_character_LazefPyuxis_A1' does not match '^E_ch\\\\d{4}_[a-z]+_.+_[VNSARY]_O\\\\d*$'"]
   NG event: ["event_id: 'E_ch0031_character_Azuria_R1' does not match '^E_ch\\\\d{4}_[a-z]+_.+_[VNSARY]_O\\\\d*$'"]
   NG event: ["event_id: 'E_ch0031_character_Azuria_S1' does not match '^E_ch\\\\d{4}_[a-z]+_.+_[VNSARY]_O\\\\d*$'"]
   NG event: ["event_id: 'E_ch0031_item_NewCursedArmor_N1' does not match '^E_ch\\\\d{4}_[a-z]+_.+_[VNSARY]_O\\\\d*$'"]
   NG event: ["event_id: 'E_ch0031_item_NewCursedArmor_A1' does not match '^E_ch\\\\d{4}_[a-z]+_.+_[VNSARY]_O\\\\d*$'"]
   NG event: ["event_id: 'E_ch0031_character_Azuria_S2' does not match '^E_ch\\\\d{4}_[a-z]+_.+_[VNSARY]_O\\\\d*$'"]
   NG event: ["event_id: 'E_ch0031_character_KigurumiWitch_R1' does not match '^E_ch\\\\d{4}_[a-z]+_.+_[VNSARY]_O\\\\d*$'"]
   NG event: ["event_id: 'E_ch0031_character_KigurumiWitch_A1' does not match '^E_ch\\\\d{4}_[a-z]+_.+_[VNSARY]_O\\\\d*$'"]
   NG event: ["event_id: 'E_ch0031_character_WinterWitch_N1' does not match '^E_ch\\\\d{4}_[a-z]+_.+_[VNSARY]_O\\\\d*$'"]
   NG event: ["event_id: 'E_ch0031_character_WinterWitch_S1' does not match '^E_ch\\\\d{4}_[a-z]+_.+_[VNSARY]_O\\\\d*$'"]
   NG event: ["event_id: 'E_ch0031_character_Azuria_A1' does not match '^E_ch\\\\d{4}_[a-z]+_.+_[VNSARY]_O\\\\d*$'"]
   NG event: ["event_id: 'E_ch0031_terminology_AstralRealm_Y1' does not match '^E_ch\\\\d{4}_[a-z]+_.+_[VNSARY]_O\\\\d*$'"]
   NG event: ["event_id: 'E_ch0031_character_Halbert_V1' does not match '^E_ch\\\\d{4}_[a-z]+_.+_[VNSARY]_O\\\\d*$'"]
   NG event: ["event_id: 'E_ch0031_character_Halbert_A1' does not match '^E_ch\\\\d{4}_[a-z]+_.+_[VNSARY]_O\\\\d*$'"]
   NG event: ["event_id: 'E_ch0031_item_CursedArmor_A2' does not match '^E_ch\\\\d{4}_[a-z]+_.+_[VNSARY]_O\\\\d*$'"]
   NG event: ["event_id: 'E_ch0031_character_Azuria_S3' does not match '^E_ch\\\\d{4}_[a-z]+_.+_[VNSARY]_O\\\\d*$'"]
   NG event: ["event_id: 'E_ch0031_item_MagicBook_A1' does not match '^E_ch\\\\d{4}_[a-z]+_.+_[VNSARY]_O\\\\d*$'"]
   NG event: ["event_id: 'E_ch0031_item_MagicBook_S1' does not match '^E_ch\\\\d{4}_[a-z]+_.+_[VNSARY]_O\\\\d*$'"]
   NG event: ["event_id: 'E_ch0031_item_MagicBook_Y1' does not match '^E_ch\\\\d{4}_[a-z]+_.+_[VNSARY]_O\\\\d*$'"]
   NG event: ["event_id: 'E_ch0031_item_CurseStaff_A1' does not match '^E_ch\\\\d{4}_[a-z]+_.+_[VNSARY]_O\\\\d*$'"]
   NG event: ["event_id: 'E_ch0031_character_LazefPyuxis_S3' does not match '^E_ch\\\\d{4}_[a-z]+_.+_[VNSARY]_O\\\\d*$'"]
   NG event: ["event_id: 'E_ch0031_character_Azuria_S4' does not match '^E_ch\\\\d{4}_[a-z]+_.+_[VNSARY]_O\\\\d*$'"]
   NG event: ["event_id: 'E_ch0031_character_Azuria_S5' does not match '^E_ch\\\\d{4}_[a-z]+_.+_[VNSARY]_O\\\\d*$'"]
   NG event: ["event_id: 'E_ch0031_character_LazefPyuxis_S4' does not match '^E_ch\\\\d{4}_[a-z]+_.+_[VNSARY]_O\\\\d*$'"]
   NG event: ["event_id: 'E_ch0031_character_Azuria_S6' does not match '^E_ch\\\\d{4}_[a-z]+_.+_[VNSARY]_O\\\\d*$'"]
   NG event: ["event_id: 'E_ch0031_character_LazefPyuxis_S5' does not match '^E_ch\\\\d{4}_[a-z]+_.+_[VNSARY]_O\\\\d*$'"]
   NG event: ["event_id: 'E_ch0031_organization_KnightOrder_R1' does not match '^E_ch\\\\d{4}_[a-z]+_.+_[VNSARY]_O\\\\d*$'"]
   NG event: ["event_id: 'E_ch0031_character_LazefPyuxis_R1' does not match '^E_ch\\\\d{4}_[a-z]+_.+_[VNSARY]_O\\\\d*$'"]
   NG event: ["event_id: 'E_ch0031_character_Azuria_A2' does not match '^E_ch\\\\d{4}_[a-z]+_.+_[VNSARY]_O\\\\d*$'"]
   NG event: ["event_id: 'E_ch0031_character_Azuria_R2' does not match '^E_ch\\\\d{4}_[a-z]+_.+_[VNSARY]_O\\\\d*$'"]
   NG event: ["event_id: 'E_ch0031_terminology_Resurrection_S1' does not match '^E_ch\\\\d{4}_[a-z]+_.+_[VNSARY]_O\\\\d*$'"]
   NG event: ["event_id: 'E_ch0031_character_Azuria_S7' does not match '^E_ch\\\\d{4}_[a-z]+_.+_[VNSARY]_O\\\\d*$'"]
   OK C:\Users\d5dx\Downloads\Code\AllusionistLLMWiki2\..\AllusionistLLMWiki2_Work\events\ch0031.jsonl に 0 件書き込み
   WARN 36 件が無効（スキップ）

[ch0032] 処理中...
   12 件のイベントを抽出
   OK C:\Users\d5dx\Downloads\Code\AllusionistLLMWiki2\..\AllusionistLLMWiki2_Work\events\ch0032.jsonl に 12 件書き込み
完了: 31/31 章
