
[ch0001] 処理中...
   88 件のイベントを抽出
   OK C:\Users\d5dx\Downloads\Code\AllusionistLLMWiki2\..\AllusionistLLMWiki2_Work\events\ch0001.jsonl に 88 件書き込み

[ch0002] 処理中...
   69 件のイベントを抽出
   OK C:\Users\d5dx\Downloads\Code\AllusionistLLMWiki2\..\AllusionistLLMWiki2_Work\events\ch0002.jsonl に 69 件書き込み

[ch0003] 処理中...
   29 件のイベントを抽出
   OK C:\Users\d5dx\Downloads\Code\AllusionistLLMWiki2\..\AllusionistLLMWiki2_Work\events\ch0003.jsonl に 29 件書き込み

[ch0004] 処理中...
   60 件のイベントを抽出
   OK C:\Users\d5dx\Downloads\Code\AllusionistLLMWiki2\..\AllusionistLLMWiki2_Work\events\ch0004.jsonl に 60 件書き込み

[ch0005] 処理中...
   80 件のイベントを抽出
   OK C:\Users\d5dx\Downloads\Code\AllusionistLLMWiki2\..\AllusionistLLMWiki2_Work\events\ch0005.jsonl に 80 件書き込み

[ch0006] 処理中...
   15 件のイベントを抽出
   OK C:\Users\d5dx\Downloads\Code\AllusionistLLMWiki2\..\AllusionistLLMWiki2_Work\events\ch0006.jsonl に 15 件書き込み

[ch0007] 処理中...
   41 件のイベントを抽出
   OK C:\Users\d5dx\Downloads\Code\AllusionistLLMWiki2\..\AllusionistLLMWiki2_Work\events\ch0007.jsonl に 41 件書き込み

[ch0008] 処理中...
   70 件のイベントを抽出
   OK C:\Users\d5dx\Downloads\Code\AllusionistLLMWiki2\..\AllusionistLLMWiki2_Work\events\ch0008.jsonl に 70 件書き込み

[ch0009] 処理中...
   49 件のイベントを抽出
   OK C:\Users\d5dx\Downloads\Code\AllusionistLLMWiki2\..\AllusionistLLMWiki2_Work\events\ch0009.jsonl に 49 件書き込み

[ch0010] 処理中...
   47 件のイベントを抽出
   OK C:\Users\d5dx\Downloads\Code\AllusionistLLMWiki2\..\AllusionistLLMWiki2_Work\events\ch0010.jsonl に 47 件書き込み

[ch0011] 処理中...
   41 件のイベントを抽出
   OK C:\Users\d5dx\Downloads\Code\AllusionistLLMWiki2\..\AllusionistLLMWiki2_Work\events\ch0011.jsonl に 41 件書き込み

[ch0012] 処理中...
   74 件のイベントを抽出
   OK C:\Users\d5dx\Downloads\Code\AllusionistLLMWiki2\..\AllusionistLLMWiki2_Work\events\ch0012.jsonl に 74 件書き込み

[ch0013] 処理中...
   45 件のイベントを抽出
   NG event: ["entity_type: 'event' is not one of ['character', 'terminology', 'organization', 'item', 'motif', 'relationship', 'phrase']"]
   OK C:\Users\d5dx\Downloads\Code\AllusionistLLMWiki2\..\AllusionistLLMWiki2_Work\events\ch0013.jsonl に 44 件書き込み
   WARN 1 件が無効（スキップ）

[ch0014] 処理中...
   32 件のイベントを抽出
   OK C:\Users\d5dx\Downloads\Code\AllusionistLLMWiki2\..\AllusionistLLMWiki2_Work\events\ch0014.jsonl に 32 件書き込み

[ch0015] 処理中...
