===== ch0002 =====

[ch0002] 処理中...
   81 件のイベントを抽出
   NG event: ["event_id: 'E_ch0002_金鎖のフラベウファ_has_property_段階的解放_p108' does not match '^E_ch\\\\d{4}_[^_]+(_[^_]+){1,2}(_\\\\d+)?_p\\\\d+$'"]
   NG event: ["event_id: 'E_ch0002_金鎖_has_property_上位管理者権限_p120' does not match '^E_ch\\\\d{4}_[^_]+(_[^_]+){1,2}(_\\\\d+)?_p\\\\d+$'"]
   NG event: ["event_id: 'E_ch0002_魔導書_functions_as_外部機器_p120' does not match '^E_ch\\\\d{4}_[^_]+(_[^_]+){1,2}(_\\\\d+)?_p\\\\d+$'"]
   NG event: ["event_id: 'E_ch0002_左手_has_property_自己複製ウィルス_p121' does not match '^E_ch\\\\d{4}_[^_]+(_[^_]+){1,2}(_\\\\d+)?_p\\\\d+$'"]
   NG event: ["event_id: 'E_ch0002_エスフェイル_is_located_第五階層_p124' does not match '^E_ch\\\\d{4}_[^_]+(_[^_]+){1,2}(_\\\\d+)?_p\\\\d+$'"]
   NG event: ["event_id: 'E_ch0002_アズーリア_has_property_体重軽減呪術_p131' does not match '^E_ch\\\\d{4}_[^_]+(_[^_]+){1,2}(_\\\\d+)?_p\\\\d+$'"]
   NG event: ["event_id: 'E_ch0002_エスフェイル_appears_as_月_p138' does not match '^E_ch\\\\d{4}_[^_]+(_[^_]+){1,2}(_\\\\d+)?_p\\\\d+$'"]
   NG event: ["event_id: 'E_ch0002_アキラ_has_property_ハンドルネーム_p150' does not match '^E_ch\\\\d{4}_[^_]+(_[^_]+){1,2}(_\\\\d+)?_p\\\\d+$'"]
   NG event: ["event_id: 'E_ch0002_エスフェイル_appears_as_黒い玉石_p155' does not match '^E_ch\\\\d{4}_[^_]+(_[^_]+){1,2}(_\\\\d+)?_p\\\\d+$'"]
   NG event: ["event_id: 'E_ch0002_世界槍_is_located_広大な空間_p157' does not match '^E_ch\\\\d{4}_[^_]+(_[^_]+){1,2}(_\\\\d+)?_p\\\\d+$'"]
   NG event: ["event_id: 'E_ch0002_生垣_has_property_呪力による捕獲_p158' does not match '^E_ch\\\\d{4}_[^_]+(_[^_]+){1,2}(_\\\\d+)?_p\\\\d+$'"]
   OK C:\Users\d5dx\Downloads\Code\AllusionistLLMWiki2\..\AllusionistLLMWiki2_Work\events\ch0002.jsonl に 70 件書き込み
   WARN 11 件が無効（スキップ）
[ch0002] fact 51 件 -> C:\Users\d5dx\Downloads\Code\AllusionistLLMWiki2\..\AllusionistLLMWiki2_Work\facts\ch0002.jsonl（quote照合 49/51）
[ch0002] 提案 20 件 -> C:\Users\d5dx\Downloads\Code\AllusionistLLMWiki2\..\AllusionistLLMWiki2_Work\staging\analysis_ch0002.yaml
   claims=10 mysteries=5 themes=1 quote照合 24/26
===== ch0003 =====

[ch0003] 処理中...
   34 件のイベントを抽出
   NG event: ["event_id: 'E_ch0003_イェレイド_has_property_返り血_p171' does not match '^E_ch\\\\d{4}_[^_]+(_[^_]+){1,2}(_\\\\d+)?_p\\\\d+$'"]
   NG event: ["event_id: 'E_ch0003_マーネロア_has_property_金色の体毛_p171' does not match '^E_ch\\\\d{4}_[^_]+(_[^_]+){1,2}(_\\\\d+)?_p\\\\d+$'"]
   NG event: ["event_id: 'E_ch0003_イェレイド_has_property_金髪_p172' does not match '^E_ch\\\\d{4}_[^_]+(_[^_]+){1,2}(_\\\\d+)?_p\\\\d+$'"]
   NG event: ["event_id: 'E_ch0003_人狼_has_property_左腕_p177' does not match '^E_ch\\\\d{4}_[^_]+(_[^_]+){1,2}(_\\\\d+)?_p\\\\d+$'"]
   NG event: ["event_id: 'E_ch0003_第五階層_is_located_自由市場_p180' does not match '^E_ch\\\\d{4}_[^_]+(_[^_]+){1,2}(_\\\\d+)?_p\\\\d+$'"]
   OK C:\Users\d5dx\Downloads\Code\AllusionistLLMWiki2\..\AllusionistLLMWiki2_Work\events\ch0003.jsonl に 29 件書き込み
   WARN 5 件が無効（スキップ）
[ch0003] fact 49 件 -> C:\Users\d5dx\Downloads\Code\AllusionistLLMWiki2\..\AllusionistLLMWiki2_Work\facts\ch0003.jsonl（quote照合 48/49）
[ch0003] 提案 17 件 -> C:\Users\d5dx\Downloads\Code\AllusionistLLMWiki2\..\AllusionistLLMWiki2_Work\staging\analysis_ch0003.yaml
   claims=8 mysteries=5 themes=4 quote照合 9/21
===== ch0004 =====

[ch0004] 処理中...
   55 件のイベントを抽出
   NG event: ["event_id: 'E_ch0004_世界槍_functions_as_空間構築技術_p187' does not match '^E_ch\\\\d{4}_[^_]+(_[^_]+){1,2}(_\\\\d+)?_p\\\\d+$'"]
   NG event: ["event_id: 'E_ch0004_第五階層_appears_as_混沌の街_p188' does not match '^E_ch\\\\d{4}_[^_]+(_[^_]+){1,2}(_\\\\d+)?_p\\\\d+$'"]
   NG event: ["event_id: 'E_ch0004_第五階層_has_property_呪術的インフラ_p189' does not match '^E_ch\\\\d{4}_[^_]+(_[^_]+){1,2}(_\\\\d+)?_p\\\\d+$'"]
   NG event: ["event_id: 'E_ch0004_第五階層_has_property_生贄エネルギー採取_p189' does not match '^E_ch\\\\d{4}_[^_]+(_[^_]+){1,2}(_\\\\d+)?_p\\\\d+$'"]
   NG event: ["event_id: 'E_ch0004_アキラ_appears_as_鎧の腕_p191' does not match '^E_ch\\\\d{4}_[^_]+(_[^_]+){1,2}(_\\\\d+)?_p\\\\d+$'"]
   NG event: ["event_id: 'E_ch0004_第五階層_has_property_暴力団支配_p193' does not match '^E_ch\\\\d{4}_[^_]+(_[^_]+){1,2}(_\\\\d+)?_p\\\\d+$'"]
   NG event: ["event_id: 'E_ch0004_アキラ_is_located_第五階層_p194' does not match '^E_ch\\\\d{4}_[^_]+(_[^_]+){1,2}(_\\\\d+)?_p\\\\d+$'"]
   NG event: ["event_id: 'E_ch0004_第五階層_has_property_物乞い_p195' does not match '^E_ch\\\\d{4}_[^_]+(_[^_]+){1,2}(_\\\\d+)?_p\\\\d+$'"]
   NG event: ["event_id: 'E_ch0004_第五階層_has_property_多言語話者_p197' does not match '^E_ch\\\\d{4}_[^_]+(_[^_]+){1,2}(_\\\\d+)?_p\\\\d+$'"]
   NG event: ["event_id: 'E_ch0004_コルセスカ_has_property_服の目_p215' does not match '^E_ch\\\\d{4}_[^_]+(_[^_]+){1,2}(_\\\\d+)?_p\\\\d+$'"]
   NG event: ["event_id: 'E_ch0004_刺客_appears_as_岩肌の男_p227' does not match '^E_ch\\\\d{4}_[^_]+(_[^_]+){1,2}(_\\\\d+)?_p\\\\d+$'"]
   NG event: ["event_id: 'E_ch0004_第五階層_has_property_権利剥奪_p227' does not match '^E_ch\\\\d{4}_[^_]+(_[^_]+){1,2}(_\\\\d+)?_p\\\\d+$'"]
   NG event: ["event_id: 'E_ch0004_コルセスカ_has_property_氷球_p231' does not match '^E_ch\\\\d{4}_[^_]+(_[^_]+){1,2}(_\\\\d+)?_p\\\\d+$'"]
   NG event: ["event_id: 'E_ch0004_コルセスカ_appears_as_氷の魔女_p233' does not match '^E_ch\\\\d{4}_[^_]+(_[^_]+){1,2}(_\\\\d+)?_p\\\\d+$'"]
   OK C:\Users\d5dx\Downloads\Code\AllusionistLLMWiki2\..\AllusionistLLMWiki2_Work\events\ch0004.jsonl に 41 件書き込み
   WARN 14 件が無効（スキップ）
[ch0004] fact 231 件 -> C:\Users\d5dx\Downloads\Code\AllusionistLLMWiki2\..\AllusionistLLMWiki2_Work\facts\ch0004.jsonl（quote照合 183/231）
[ch0004] 提案 20 件 -> C:\Users\d5dx\Downloads\Code\AllusionistLLMWiki2\..\AllusionistLLMWiki2_Work\staging\analysis_ch0004.yaml
   claims=10 mysteries=5 themes=5 quote照合 26/30
===== ch0005 =====

[ch0005] 処理中...
   87 件のイベントを抽出
   NG event: ["event_id: 'E_ch0005_第六階層_has_property_蠢く腕_p243' does not match '^E_ch\\\\d{4}_[^_]+(_[^_]+){1,2}(_\\\\d+)?_p\\\\d+$'"]
   NG event: ["event_id: 'E_ch0005_第六階層_has_property_非対称装飾_p243' does not match '^E_ch\\\\d{4}_[^_]+(_[^_]+){1,2}(_\\\\d+)?_p\\\\d+$'"]
   OK C:\Users\d5dx\Downloads\Code\AllusionistLLMWiki2\..\AllusionistLLMWiki2_Work\events\ch0005.jsonl に 85 件書き込み
   WARN 2 件が無効（スキップ）
[ch0005] fact 41 件 -> C:\Users\d5dx\Downloads\Code\AllusionistLLMWiki2\..\AllusionistLLMWiki2_Work\facts\ch0005.jsonl（quote照合 40/41）
[ch0005] 提案 33 件 -> C:\Users\d5dx\Downloads\Code\AllusionistLLMWiki2\..\AllusionistLLMWiki2_Work\staging\analysis_ch0005.yaml
   claims=33 mysteries=0 themes=0 quote照合 25/33
===== ch0006 =====

[ch0006] 処理中...
   22 件のイベントを抽出
   NG event: ["event_id: 'E_ch0006_アキラ_has_property_悪夢_p306' does not match '^E_ch\\\\d{4}_[^_]+(_[^_]+){1,2}(_\\\\d+)?_p\\\\d+$'"]
   NG event: ["signals.0.kind: 'symbolic' is not one of ['analogy', 'foreshadow', 'motif', 'theme']"]
   OK C:\Users\d5dx\Downloads\Code\AllusionistLLMWiki2\..\AllusionistLLMWiki2_Work\events\ch0006.jsonl に 20 件書き込み
   WARN 2 件が無効（スキップ）
[ch0006] fact 21 件 -> C:\Users\d5dx\Downloads\Code\AllusionistLLMWiki2\..\AllusionistLLMWiki2_Work\facts\ch0006.jsonl（quote照合 18/21）
[ch0006] 提案 15 件 -> C:\Users\d5dx\Downloads\Code\AllusionistLLMWiki2\..\AllusionistLLMWiki2_Work\staging\analysis_ch0006.yaml
   claims=7 mysteries=4 themes=4 quote照合 20/21
===== ch0007 =====

[ch0007] 処理中...
   35 件のイベントを抽出
   NG event: ["event_id: 'E_ch0007_セスカ_has_property_迷宮攻略の理由_p322' does not match '^E_ch\\\\d{4}_[^_]+(_[^_]+){1,2}(_\\\\d+)?_p\\\\d+$'"]
   NG event: ["event_id: 'E_ch0007_トリシューラ_has_property_移動能力_p354' does not match '^E_ch\\\\d{4}_[^_]+(_[^_]+){1,2}(_\\\\d+)?_p\\\\d+$'"]
   NG event: ["event_id: 'E_ch0007_トリシューラの建物_functions_as_船_p354' does not match '^E_ch\\\\d{4}_[^_]+(_[^_]+){1,2}(_\\\\d+)?_p\\\\d+$'"]
   NG event: ["event_id: 'E_ch0007_トリシューラ_has_property_建築家_p355' does not match '^E_ch\\\\d{4}_[^_]+(_[^_]+){1,2}(_\\\\d+)?_p\\\\d+$'"]
   OK C:\Users\d5dx\Downloads\Code\AllusionistLLMWiki2\..\AllusionistLLMWiki2_Work\events\ch0007.jsonl に 31 件書き込み
   WARN 4 件が無効（スキップ）
[ch0007] fact 249 件 -> C:\Users\d5dx\Downloads\Code\AllusionistLLMWiki2\..\AllusionistLLMWiki2_Work\facts\ch0007.jsonl（quote照合 239/249）
[ch0007] 提案 20 件 -> C:\Users\d5dx\Downloads\Code\AllusionistLLMWiki2\..\AllusionistLLMWiki2_Work\staging\analysis_ch0007.yaml
   claims=10 mysteries=5 themes=5 quote照合 26/29
===== ch0008 =====

[ch0008] 処理中...
   67 件のイベントを抽出
   NG event: ["event_id: 'E_ch0008_減速符_functions_as_落下速度の減衰_p358' does not match '^E_ch\\\\d{4}_[^_]+(_[^_]+){1,2}(_\\\\d+)?_p\\\\d+$'"]
   NG event: ["event_id: 'E_ch0008_宝珠タイプの呪具_functions_as_空中の足場_p359' does not match '^E_ch\\\\d{4}_[^_]+(_[^_]+){1,2}(_\\\\d+)?_p\\\\d+$'"]
   NG event: ["event_id: 'E_ch0008_第六階層_is_located_敵地_p361' does not match '^E_ch\\\\d{4}_[^_]+(_[^_]+){1,2}(_\\\\d+)?_p\\\\d+$'"]
   NG event: ["signals.0.kind: 'relationship' is not one of ['analogy', 'foreshadow', 'motif', 'theme']"]
   NG event: ["event_id: 'E_ch0008_減速符_has_property_累積効果_p369' does not match '^E_ch\\\\d{4}_[^_]+(_[^_]+){1,2}(_\\\\d+)?_p\\\\d+$'"]
   OK C:\Users\d5dx\Downloads\Code\AllusionistLLMWiki2\..\AllusionistLLMWiki2_Work\events\ch0008.jsonl に 62 件書き込み
   WARN 5 件が無効（スキップ）
[ch0008] fact 58 件 -> C:\Users\d5dx\Downloads\Code\AllusionistLLMWiki2\..\AllusionistLLMWiki2_Work\facts\ch0008.jsonl（quote照合 53/58）
[ch0008] 提案 19 件 -> C:\Users\d5dx\Downloads\Code\AllusionistLLMWiki2\..\AllusionistLLMWiki2_Work\staging\analysis_ch0008.yaml
   claims=10 mysteries=5 themes=4 quote照合 17/24
===== ch0009 =====

[ch0009] 処理中...
   35 件のイベントを抽出
   NG event: ["event_id: 'E_ch0009_カッサリオ_has_property_四本脚_p399' does not match '^E_ch\\\\d{4}_[^_]+(_[^_]+){1,2}(_\\\\d+)?_p\\\\d+$'"]
   NG event: ["event_id: 'E_ch0009_カッサリオ_has_property_巨大サイズ_p399' does not match '^E_ch\\\\d{4}_[^_]+(_[^_]+){1,2}(_\\\\d+)?_p\\\\d+$'"]
   NG event: ["event_id: 'E_ch0009_第六階層_has_property_異獣領域_p400' does not match '^E_ch\\\\d{4}_[^_]+(_[^_]+){1,2}(_\\\\d+)?_p\\\\d+$'"]
   NG event: ["event_id: 'E_ch0009_コルセスカ_has_property_生命吸収_p407' does not match '^E_ch\\\\d{4}_[^_]+(_[^_]+){1,2}(_\\\\d+)?_p\\\\d+$'"]
   NG event: ["signals.0: 'analogy: 課金システム/ガチャ' is not of type 'object'"]
   NG event: ["event_id: 'E_ch0009_異獣憑き_has_property_尾_p417' does not match '^E_ch\\\\d{4}_[^_]+(_[^_]+){1,2}(_\\\\d+)?_p\\\\d+$'"]
   OK C:\Users\d5dx\Downloads\Code\AllusionistLLMWiki2\..\AllusionistLLMWiki2_Work\events\ch0009.jsonl に 29 件書き込み
   WARN 6 件が無効（スキップ）
[ch0009] fact 85 件 -> C:\Users\d5dx\Downloads\Code\AllusionistLLMWiki2\..\AllusionistLLMWiki2_Work\facts\ch0009.jsonl（quote照合 81/85）
[ch0009] 提案 19 件 -> C:\Users\d5dx\Downloads\Code\AllusionistLLMWiki2\..\AllusionistLLMWiki2_Work\staging\analysis_ch0009.yaml
   claims=10 mysteries=5 themes=4 quote照合 23/24
===== ch0010 =====

[ch0010] 処理中...
   48 件のイベントを抽出
   NG event: ["event_id: 'E_ch0010_泉_has_property_異獣寄せ付けぬ特性_p435' does not match '^E_ch\\\\d{4}_[^_]+(_[^_]+){1,2}(_\\\\d+)?_p\\\\d+$'"]
   NG event: ["event_id: 'E_ch0010_泉_is_made_of_人工設営_p435' does not match '^E_ch\\\\d{4}_[^_]+(_[^_]+){1,2}(_\\\\d+)?_p\\\\d+$'"]
   NG event: ["event_id: 'E_ch0010_氷球_functions_as_立体映像生成_p436' does not match '^E_ch\\\\d{4}_[^_]+(_[^_]+){1,2}(_\\\\d+)?_p\\\\d+$'"]
   NG event: ["event_id: 'E_ch0010_泉_is_located_第六階層内_p436' does not match '^E_ch\\\\d{4}_[^_]+(_[^_]+){1,2}(_\\\\d+)?_p\\\\d+$'"]
   NG event: ["event_id: 'E_ch0010_トライデント_has_property_使い魔の魔女_p446' does not match '^E_ch\\\\d{4}_[^_]+(_[^_]+){1,2}(_\\\\d+)?_p\\\\d+$'"]
   NG event: ["event_id: 'E_ch0010_融合体_has_property_組織としての結束_p457' does not match '^E_ch\\\\d{4}_[^_]+(_[^_]+){1,2}(_\\\\d+)?_p\\\\d+$'"]
   NG event: ["event_id: 'E_ch0010_融合体_is_made_of_悪鬼の死体_p467' does not match '^E_ch\\\\d{4}_[^_]+(_[^_]+){1,2}(_\\\\d+)?_p\\\\d+$'"]
   OK C:\Users\d5dx\Downloads\Code\AllusionistLLMWiki2\..\AllusionistLLMWiki2_Work\events\ch0010.jsonl に 41 件書き込み
   WARN 7 件が無効（スキップ）
[ch0010] fact 92 件 -> C:\Users\d5dx\Downloads\Code\AllusionistLLMWiki2\..\AllusionistLLMWiki2_Work\facts\ch0010.jsonl（quote照合 82/92）
[ch0010] 提案 16 件 -> C:\Users\d5dx\Downloads\Code\AllusionistLLMWiki2\..\AllusionistLLMWiki2_Work\staging\analysis_ch0010.yaml
   claims=10 mysteries=5 themes=1 quote照合 15/20
===== ch0011 =====

[ch0011] 処理中...
   37 件のイベントを抽出
   NG event: ["event_id: 'E_ch0011_E-E_functions_as_感情制御アプリ_p478' does not match '^E_ch\\\\d{4}_[^_]+(_[^_]+){1,2}(_\\\\d+)?_p\\\\d+$'"]
   NG event: ["signals.0.kind: 'relationship' is not one of ['analogy', 'foreshadow', 'motif', 'theme']"]
   OK C:\Users\d5dx\Downloads\Code\AllusionistLLMWiki2\..\AllusionistLLMWiki2_Work\events\ch0011.jsonl に 35 件書き込み
   WARN 2 件が無効（スキップ）
[ch0011] fact 39 件 -> C:\Users\d5dx\Downloads\Code\AllusionistLLMWiki2\..\AllusionistLLMWiki2_Work\facts\ch0011.jsonl（quote照合 36/39）
[ch0011] 提案 19 件 -> C:\Users\d5dx\Downloads\Code\AllusionistLLMWiki2\..\AllusionistLLMWiki2_Work\staging\analysis_ch0011.yaml
   claims=10 mysteries=5 themes=1 quote照合 24/26
===== ch0012 =====

[ch0012] 処理中...
   85 件のイベントを抽出
   NG event: ["event_id: 'E_ch0012_階層間階段_functions_as_亜空間_p506' does not match '^E_ch\\\\d{4}_[^_]+(_[^_]+){1,2}(_\\\\d+)?_p\\\\d+$'"]
   NG event: ["event_id: 'E_ch0012_トリシューラ_is_located_賞金首_p507' does not match '^E_ch\\\\d{4}_[^_]+(_[^_]+){1,2}(_\\\\d+)?_p\\\\d+$'"]
   NG event: ["event_id: 'E_ch0012_トリシューラの拠点_appears_as_巨大な船_p509' does not match '^E_ch\\\\d{4}_[^_]+(_[^_]+){1,2}(_\\\\d+)?_p\\\\d+$'"]
   NG event: ["event_id: 'E_ch0012_巡槍艦マツヤ_has_property_16ゼタバイト_p510' does not match '^E_ch\\\\d{4}_[^_]+(_[^_]+){1,2}(_\\\\d+)?_p\\\\d+$'"]
   NG event: ["event_id: 'E_ch0012_巡槍艦マツヤ_is_made_of_赤と黒_p510' does not match '^E_ch\\\\d{4}_[^_]+(_[^_]+){1,2}(_\\\\d+)?_p\\\\d+$'"]
   NG event: ["event_id: 'E_ch0012_トリシューラ_appears_as_亡霊_p513' does not match '^E_ch\\\\d{4}_[^_]+(_[^_]+){1,2}(_\\\\d+)?_p\\\\d+$'"]
   NG event: ["event_id: 'E_ch0012_世界槍_appears_as_異世界_p521' does not match '^E_ch\\\\d{4}_[^_]+(_[^_]+){1,2}(_\\\\d+)?_p\\\\d+$'"]
   NG event: ["event_id: 'E_ch0012_トリシューラ_has_property_空調不要_p524' does not match '^E_ch\\\\d{4}_[^_]+(_[^_]+){1,2}(_\\\\d+)?_p\\\\d+$'"]
   NG event: ["event_id: 'E_ch0012_巡槍艦マツヤ_has_property_循環系_p575' does not match '^E_ch\\\\d{4}_[^_]+(_[^_]+){1,2}(_\\\\d+)?_p\\\\d+$'"]
   OK C:\Users\d5dx\Downloads\Code\AllusionistLLMWiki2\..\AllusionistLLMWiki2_Work\events\ch0012.jsonl に 76 件書き込み
   WARN 9 件が無効（スキップ）
[ch0012] fact 71 件 -> C:\Users\d5dx\Downloads\Code\AllusionistLLMWiki2\..\AllusionistLLMWiki2_Work\facts\ch0012.jsonl（quote照合 59/71）
[ch0012] 提案 17 件 -> C:\Users\d5dx\Downloads\Code\AllusionistLLMWiki2\..\AllusionistLLMWiki2_Work\staging\analysis_ch0012.yaml
   claims=10 mysteries=6 themes=1 quote照合 12/19
===== ch0013 =====

[ch0013] 処理中...
   37 件のイベントを抽出
   NG event: ["event_id: 'E_ch0013_携帯型端末機_functions_as_呪術機能_p592' does not match '^E_ch\\\\d{4}_[^_]+(_[^_]+){1,2}(_\\\\d+)?_p\\\\d+$'"]
   NG event: ["event_id: 'E_ch0013_伝詞回路_functions_as_論理演算_p600' does not match '^E_ch\\\\d{4}_[^_]+(_[^_]+){1,2}(_\\\\d+)?_p\\\\d+$'"]
   NG event: ["event_id: 'E_ch0013_カード型端末_functions_as_拡張機能_p602' does not match '^E_ch\\\\d{4}_[^_]+(_[^_]+){1,2}(_\\\\d+)?_p\\\\d+$'"]
   NG event: ["event_id: 'E_ch0013_レオ_has_property_退化した猫耳_p612' does not match '^E_ch\\\\d{4}_[^_]+(_[^_]+){1,2}(_\\\\d+)?_p\\\\d+$'"]
   NG event: ["event_id: 'E_ch0013_ヲルヲーラ_is_located_第二〜第八階層_p613' does not match '^E_ch\\\\d{4}_[^_]+(_[^_]+){1,2}(_\\\\d+)?_p\\\\d+$'"]
   NG event: ["event_id: 'E_ch0013_エレベーター_functions_as_呪力動力_p614' does not match '^E_ch\\\\d{4}_[^_]+(_[^_]+){1,2}(_\\\\d+)?_p\\\\d+$'"]
   NG event: ["event_id: 'E_ch0013_脱法ハウス_functions_as_略奪ビジネス_p622' does not match '^E_ch\\\\d{4}_[^_]+(_[^_]+){1,2}(_\\\\d+)?_p\\\\d+$'"]
   OK C:\Users\d5dx\Downloads\Code\AllusionistLLMWiki2\..\AllusionistLLMWiki2_Work\events\ch0013.jsonl に 30 件書き込み
   WARN 7 件が無効（スキップ）
[ch0013] fact 131 件 -> C:\Users\d5dx\Downloads\Code\AllusionistLLMWiki2\..\AllusionistLLMWiki2_Work\facts\ch0013.jsonl（quote照合 127/131）
[ch0013] 提案 17 件 -> C:\Users\d5dx\Downloads\Code\AllusionistLLMWiki2\..\AllusionistLLMWiki2_Work\staging\analysis_ch0013.yaml
   claims=8 mysteries=5 themes=1 quote照合 18/19
===== ch0014 =====

[ch0014] 処理中...
   47 件のイベントを抽出
   NG event: ["event_id: 'E_ch0014_第五階層_has_property_物体創造能力_p635' does not match '^E_ch\\\\d{4}_[^_]+(_[^_]+){1,2}(_\\\\d+)?_p\\\\d+$'"]
   NG event: ["event_id: 'E_ch0014_ティリビナ人_has_property_過酷な環境適応_p640' does not match '^E_ch\\\\d{4}_[^_]+(_[^_]+){1,2}(_\\\\d+)?_p\\\\d+$'"]
   NG event: ["event_id: 'E_ch0014_第五階層_has_property_常時監視_p653' does not match '^E_ch\\\\d{4}_[^_]+(_[^_]+){1,2}(_\\\\d+)?_p\\\\d+$'"]
   OK C:\Users\d5dx\Downloads\Code\AllusionistLLMWiki2\..\AllusionistLLMWiki2_Work\events\ch0014.jsonl に 44 件書き込み
   WARN 3 件が無効（スキップ）
[ch0014] fact 150 件 -> C:\Users\d5dx\Downloads\Code\AllusionistLLMWiki2\..\AllusionistLLMWiki2_Work\facts\ch0014.jsonl（quote照合 144/150）
[ch0014] 提案 18 件 -> C:\Users\d5dx\Downloads\Code\AllusionistLLMWiki2\..\AllusionistLLMWiki2_Work\staging\analysis_ch0014.yaml
   claims=10 mysteries=4 themes=4 quote照合 23/26
===== ch0015 =====

[ch0015] 処理中...
   58 件のイベントを抽出
   NG event: ["event_id: 'E_ch0015_ちびシューラ_functions_as_夢の監視_p669' does not match '^E_ch\\\\d{4}_[^_]+(_[^_]+){1,2}(_\\\\d+)?_p\\\\d+$'"]
   NG event: ["event_id: 'E_ch0015_公社_is_made_of_メガコーポ_p680' does not match '^E_ch\\\\d{4}_[^_]+(_[^_]+){1,2}(_\\\\d+)?_p\\\\d+$'"]
   NG event: ["event_id: 'E_ch0015_新紙幣_functions_as_保全の呪符_p680' does not match '^E_ch\\\\d{4}_[^_]+(_[^_]+){1,2}(_\\\\d+)?_p\\\\d+$'"]
   OK C:\Users\d5dx\Downloads\Code\AllusionistLLMWiki2\..\AllusionistLLMWiki2_Work\events\ch0015.jsonl に 55 件書き込み
   WARN 3 件が無効（スキップ）
[ch0015] fact 151 件 -> C:\Users\d5dx\Downloads\Code\AllusionistLLMWiki2\..\AllusionistLLMWiki2_Work\facts\ch0015.jsonl（quote照合 138/151）
[ch0015] 提案 16 件 -> C:\Users\d5dx\Downloads\Code\AllusionistLLMWiki2\..\AllusionistLLMWiki2_Work\staging\analysis_ch0015.yaml
   claims=8 mysteries=4 themes=1 quote照合 21/23
===== ch0016 =====

[ch0016] 処理中...
   40 件のイベントを抽出
   NG event: ["event_id: 'E_ch0016_キロン_has_property_五つの影_p718' does not match '^E_ch\\\\d{4}_[^_]+(_[^_]+){1,2}(_\\\\d+)?_p\\\\d+$'"]
   NG event: ["event_id: 'E_ch0016_公社第五階層支部_is_located_地獄_p719' does not match '^E_ch\\\\d{4}_[^_]+(_[^_]+){1,2}(_\\\\d+)?_p\\\\d+$'"]
   NG event: ["signals.0.kind: 'character_trait' is not one of ['analogy', 'foreshadow', 'motif', 'theme']"]
   NG event: ["event_id: 'E_ch0016_キロン_has_property_守護九槍の第九位_p727' does not match '^E_ch\\\\d{4}_[^_]+(_[^_]+){1,2}(_\\\\d+)?_p\\\\d+$'"]
   NG event: ["event_id: 'E_ch0016_アルテミシア_has_property_打撃耐性_p730' does not match '^E_ch\\\\d{4}_[^_]+(_[^_]+){1,2}(_\\\\d+)?_p\\\\d+$'"]
   NG event: ["event_id: 'E_ch0016_アルテミシア_has_property_最強の魔人_p730' does not match '^E_ch\\\\d{4}_[^_]+(_[^_]+){1,2}(_\\\\d+)?_p\\\\d+$'"]
   NG event: ["event_id: 'E_ch0016_セージ_functions_as_監視システム_p731' does not match '^E_ch\\\\d{4}_[^_]+(_[^_]+){1,2}(_\\\\d+)?_p\\\\d+$'"]
   NG event: ["event_id: 'E_ch0016_公社_functions_as_トラフィッキング拠点_p733' does not match '^E_ch\\\\d{4}_[^_]+(_[^_]+){1,2}(_\\\\d+)?_p\\\\d+$'"]
   NG event: ["event_id: 'E_ch0016_女呪術師_appears_as_アキラの顔_p740' does not match '^E_ch\\\\d{4}_[^_]+(_[^_]+){1,2}(_\\\\d+)?_p\\\\d+$'"]
   OK C:\Users\d5dx\Downloads\Code\AllusionistLLMWiki2\..\AllusionistLLMWiki2_Work\events\ch0016.jsonl に 31 件書き込み
   WARN 9 件が無効（スキップ）
[ch0016] fact 63 件 -> C:\Users\d5dx\Downloads\Code\AllusionistLLMWiki2\..\AllusionistLLMWiki2_Work\facts\ch0016.jsonl（quote照合 57/63）
[ch0016] 提案 15 件 -> C:\Users\d5dx\Downloads\Code\AllusionistLLMWiki2\..\AllusionistLLMWiki2_Work\staging\analysis_ch0016.yaml
   claims=9 mysteries=5 themes=1 quote照合 12/15
===== ch0017 =====

[ch0017] 処理中...
   30 件のイベントを抽出
   NG event: ["event_id: 'E_ch0017_コルセスカ_appears_as_疑惑の存在_p747' does not match '^E_ch\\\\d{4}_[^_]+(_[^_]+){1,2}(_\\\\d+)?_p\\\\d+$'"]
   NG event: ["event_id: 'E_ch0017_ちびシューラ_appears_as_アバター_p749' does not match '^E_ch\\\\d{4}_[^_]+(_[^_]+){1,2}(_\\\\d+)?_p\\\\d+$'"]
   NG event: ["event_id: 'E_ch0017_敵呪術師_appears_as_水滴少女アバター_p751' does not match '^E_ch\\\\d{4}_[^_]+(_[^_]+){1,2}(_\\\\d+)?_p\\\\d+$'"]
   OK C:\Users\d5dx\Downloads\Code\AllusionistLLMWiki2\..\AllusionistLLMWiki2_Work\events\ch0017.jsonl に 27 件書き込み
   WARN 3 件が無効（スキップ）
[ch0017] fact 46 件 -> C:\Users\d5dx\Downloads\Code\AllusionistLLMWiki2\..\AllusionistLLMWiki2_Work\facts\ch0017.jsonl（quote照合 44/46）
[ch0017] 提案 15 件 -> C:\Users\d5dx\Downloads\Code\AllusionistLLMWiki2\..\AllusionistLLMWiki2_Work\staging\analysis_ch0017.yaml
   claims=7 mysteries=4 themes=4 quote照合 21/21
===== ch0018 =====

[ch0018] 処理中...
   40 件のイベントを抽出
   NG event: ["signals.0.kind: 'relationship' is not one of ['analogy', 'foreshadow', 'motif', 'theme']"]
   NG event: ["signals.0.kind: 'relationship' is not one of ['analogy', 'foreshadow', 'motif', 'theme']"]
   OK C:\Users\d5dx\Downloads\Code\AllusionistLLMWiki2\..\AllusionistLLMWiki2_Work\events\ch0018.jsonl に 38 件書き込み
   WARN 2 件が無効（スキップ）
[ch0018] fact 49 件 -> C:\Users\d5dx\Downloads\Code\AllusionistLLMWiki2\..\AllusionistLLMWiki2_Work\facts\ch0018.jsonl（quote照合 45/49）
[ch0018] 提案 79 件 -> C:\Users\d5dx\Downloads\Code\AllusionistLLMWiki2\..\AllusionistLLMWiki2_Work\staging\analysis_ch0018.yaml
   claims=38 mysteries=11 themes=30 quote照合 109/113
===== ch0019 =====

[ch0019] 処理中...
   21 件のイベントを抽出
   OK C:\Users\d5dx\Downloads\Code\AllusionistLLMWiki2\..\AllusionistLLMWiki2_Work\events\ch0019.jsonl に 21 件書き込み
[ch0019] fact 243 件 -> C:\Users\d5dx\Downloads\Code\AllusionistLLMWiki2\..\AllusionistLLMWiki2_Work\facts\ch0019.jsonl（quote照合 216/243）
[ch0019] 提案 17 件 -> C:\Users\d5dx\Downloads\Code\AllusionistLLMWiki2\..\AllusionistLLMWiki2_Work\staging\analysis_ch0019.yaml
   claims=9 mysteries=4 themes=4 quote照合 21/24
===== ch0020 =====

[ch0020] 処理中...
   88 件のイベントを抽出
   NG event: ["aspect: 'internal' is not one of ['visual', 'name', 'speech', 'action', 'relationship', 'symbolic']"]
   NG event: ["aspect: 'internal' is not one of ['visual', 'name', 'speech', 'action', 'relationship', 'symbolic']"]
   NG event: ["aspect: 'internal' is not one of ['visual', 'name', 'speech', 'action', 'relationship', 'symbolic']"]
   NG event: ["aspect: 'internal' is not one of ['visual', 'name', 'speech', 'action', 'relationship', 'symbolic']"]
   NG event: ["event_id: 'E_ch0020_松明の騎士団_functions_as_国際銀行_p880' does not match '^E_ch\\\\d{4}_[^_]+(_[^_]+){1,2}(_\\\\d+)?_p\\\\d+$'", "aspect: 'explanation' is not one of ['visual', 'name', 'speech', 'action', 'relationship', 'symbolic']"]
   NG event: ["aspect: 'explanation' is not one of ['visual', 'name', 'speech', 'action', 'relationship', 'symbolic']"]
   NG event: ["event_id: 'E_ch0020_第五階層_is_located_不干渉空間_p881' does not match '^E_ch\\\\d{4}_[^_]+(_[^_]+){1,2}(_\\\\d+)?_p\\\\d+$'", "aspect: 'explanation' is not one of ['visual', 'name', 'speech', 'action', 'relationship', 'symbolic']"]
   NG event: ["signals.0.kind: 'symbolic' is not one of ['analogy', 'foreshadow', 'motif', 'theme']"]
   NG event: ["aspect: 'explanation' is not one of ['visual', 'name', 'speech', 'action', 'relationship', 'symbolic']"]
   NG event: ["aspect: 'internal' is not one of ['visual', 'name', 'speech', 'action', 'relationship', 'symbolic']"]
   NG event: ["aspect: 'internal' is not one of ['visual', 'name', 'speech', 'action', 'relationship', 'symbolic']"]
   NG event: ["aspect: 'internal' is not one of ['visual', 'name', 'speech', 'action', 'relationship', 'symbolic']"]
   NG event: ["event_id: 'E_ch0020_世界_has_property_死に損ない_p903' does not match '^E_ch\\\\d{4}_[^_]+(_[^_]+){1,2}(_\\\\d+)?_p\\\\d+$'", "aspect: 'explanation' is not one of ['visual', 'name', 'speech', 'action', 'relationship', 'symbolic']"]
   NG event: ["event_id: 'E_ch0020_火竜メルトバーズ_is_made_of_宇宙の心臓_p903' does not match '^E_ch\\\\d{4}_[^_]+(_[^_]+){1,2}(_\\\\d+)?_p\\\\d+$'", "aspect: 'explanation' is not one of ['visual', 'name', 'speech', 'action', 'relationship', 'symbolic']"]
   NG event: ["event_id: 'E_ch0020_レオ_has_property_天然の魅了_p911' does not match '^E_ch\\\\d{4}_[^_]+(_[^_]+){1,2}(_\\\\d+)?_p\\\\d+$'"]
   NG event: ["aspect: 'internal' is not one of ['visual', 'name', 'speech', 'action', 'relationship', 'symbolic']"]
   NG event: ["aspect: 'internal' is not one of ['visual', 'name', 'speech', 'action', 'relationship', 'symbolic']"]
   NG event: ["signals.0.kind: 'symbolic' is not one of ['analogy', 'foreshadow', 'motif', 'theme']"]
   OK C:\Users\d5dx\Downloads\Code\AllusionistLLMWiki2\..\AllusionistLLMWiki2_Work\events\ch0020.jsonl に 70 件書き込み
   WARN 18 件が無効（スキップ）
[ch0020] fact 52 件 -> C:\Users\d5dx\Downloads\Code\AllusionistLLMWiki2\..\AllusionistLLMWiki2_Work\facts\ch0020.jsonl（quote照合 48/52）
[ch0020] 提案 17 件 -> C:\Users\d5dx\Downloads\Code\AllusionistLLMWiki2\..\AllusionistLLMWiki2_Work\staging\analysis_ch0020.yaml
   claims=10 mysteries=6 themes=1 quote照合 20/20
===== ch0021 =====

[ch0021] 処理中...
   58 件のイベントを抽出
   NG event: ["event_id: 'E_ch0021_邪視呪術_functions_as_世界観の拡張_p925' does not match '^E_ch\\\\d{4}_[^_]+(_[^_]+){1,2}(_\\\\d+)?_p\\\\d+$'"]
   NG event: ["signals.0.kind: 'visual' is not one of ['analogy', 'foreshadow', 'motif', 'theme']"]
   NG event: ["signals.0.kind: 'relationship' is not one of ['analogy', 'foreshadow', 'motif', 'theme']"]
   NG event: ["signals.0.kind: 'action' is not one of ['analogy', 'foreshadow', 'motif', 'theme']"]
   NG event: ["signals.0.kind: 'item' is not one of ['analogy', 'foreshadow', 'motif', 'theme']"]
   NG event: ["event_id: 'E_ch0021_アキラ_has_property_注釈_p938' does not match '^E_ch\\\\d{4}_[^_]+(_[^_]+){1,2}(_\\\\d+)?_p\\\\d+$'"]
   NG event: ["signals.0.kind: 'relationship' is not one of ['analogy', 'foreshadow', 'motif', 'theme']"]
   NG event: ["signals.0.kind: 'relationship' is not one of ['analogy', 'foreshadow', 'motif', 'theme']"]
   NG event: ["signals.0.kind: 'action' is not one of ['analogy', 'foreshadow', 'motif', 'theme']"]
   NG event: ["signals.0.kind: 'relationship' is not one of ['analogy', 'foreshadow', 'motif', 'theme']"]
   NG event: ["signals.0.kind: 'relationship' is not one of ['analogy', 'foreshadow', 'motif', 'theme']"]
   NG event: ["signals.0.kind: 'action' is not one of ['analogy', 'foreshadow', 'motif', 'theme']"]
   NG event: ["signals.0.kind: 'action' is not one of ['analogy', 'foreshadow', 'motif', 'theme']"]
   NG event: ["event_id: 'E_ch0021_鮮血呪_functions_as_価値の転倒_p961' does not match '^E_ch\\\\d{4}_[^_]+(_[^_]+){1,2}(_\\\\d+)?_p\\\\d+$'"]
   NG event: ["event_id: 'E_ch0021_鮮血呪_functions_as_神秘の零落_p962' does not match '^E_ch\\\\d{4}_[^_]+(_[^_]+){1,2}(_\\\\d+)?_p\\\\d+$'"]
   NG event: ["signals.0.kind: 'relationship' is not one of ['analogy', 'foreshadow', 'motif', 'theme']"]
   NG event: ["event_id: 'E_ch0021_トリシューラ_has_property_活動レベル_p966' does not match '^E_ch\\\\d{4}_[^_]+(_[^_]+){1,2}(_\\\\d+)?_p\\\\d+$'"]
   NG event: ["signals.0.kind: 'action' is not one of ['analogy', 'foreshadow', 'motif', 'theme']"]
   NG event: ["signals.0.kind: 'relationship' is not one of ['analogy', 'foreshadow', 'motif', 'theme']"]
   OK C:\Users\d5dx\Downloads\Code\AllusionistLLMWiki2\..\AllusionistLLMWiki2_Work\events\ch0021.jsonl に 39 件書き込み
   WARN 19 件が無効（スキップ）
[ch0021] fact 213 件 -> C:\Users\d5dx\Downloads\Code\AllusionistLLMWiki2\..\AllusionistLLMWiki2_Work\facts\ch0021.jsonl（quote照合 177/213）
[ch0021] 提案 19 件 -> C:\Users\d5dx\Downloads\Code\AllusionistLLMWiki2\..\AllusionistLLMWiki2_Work\staging\analysis_ch0021.yaml
   claims=10 mysteries=5 themes=4 quote照合 24/27
===== ch0022 =====

[ch0022] 処理中...
   81 件のイベントを抽出
   NG event: ["event_id: 'E_ch0022_第五階層_is_located_闇_p976' does not match '^E_ch\\\\d{4}_[^_]+(_[^_]+){1,2}(_\\\\d+)?_p\\\\d+$'"]
   NG event: ["event_id: 'E_ch0022_アキラ_has_property_ノーペイン_p978' does not match '^E_ch\\\\d{4}_[^_]+(_[^_]+){1,2}(_\\\\d+)?_p\\\\d+$'"]
   OK C:\Users\d5dx\Downloads\Code\AllusionistLLMWiki2\..\AllusionistLLMWiki2_Work\events\ch0022.jsonl に 79 件書き込み
   WARN 2 件が無効（スキップ）
[ch0022] fact 188 件 -> C:\Users\d5dx\Downloads\Code\AllusionistLLMWiki2\..\AllusionistLLMWiki2_Work\facts\ch0022.jsonl（quote照合 169/188）
[ch0022] 提案 19 件 -> C:\Users\d5dx\Downloads\Code\AllusionistLLMWiki2\..\AllusionistLLMWiki2_Work\staging\analysis_ch0022.yaml
   claims=10 mysteries=5 themes=1 quote照合 22/22
===== ch0023 =====

[ch0023] 処理中...
   47 件のイベントを抽出
   OK C:\Users\d5dx\Downloads\Code\AllusionistLLMWiki2\..\AllusionistLLMWiki2_Work\events\ch0023.jsonl に 47 件書き込み
[ch0023] fact 435 件 -> C:\Users\d5dx\Downloads\Code\AllusionistLLMWiki2\..\AllusionistLLMWiki2_Work\facts\ch0023.jsonl（quote照合 416/435）
[ch0023] 提案 19 件 -> C:\Users\d5dx\Downloads\Code\AllusionistLLMWiki2\..\AllusionistLLMWiki2_Work\staging\analysis_ch0023.yaml
   claims=8 mysteries=7 themes=4 quote照合 25/27
===== ch0024 =====

[ch0024] 処理中...
   61 件のイベントを抽出
   NG event: ["event_id: 'E_ch0024_アキラ_has_property_呪力抵抗の欠如_p1085' does not match '^E_ch\\\\d{4}_[^_]+(_[^_]+){1,2}(_\\\\d+)?_p\\\\d+$'"]
   NG event: ["event_id: 'E_ch0024_ウィッチオーダー_functions_as_エミュレーター_p1109' does not match '^E_ch\\\\d{4}_[^_]+(_[^_]+){1,2}(_\\\\d+)?_p\\\\d+$'"]
   OK C:\Users\d5dx\Downloads\Code\AllusionistLLMWiki2\..\AllusionistLLMWiki2_Work\events\ch0024.jsonl に 59 件書き込み
   WARN 2 件が無効（スキップ）
[ch0024] fact 198 件 -> C:\Users\d5dx\Downloads\Code\AllusionistLLMWiki2\..\AllusionistLLMWiki2_Work\facts\ch0024.jsonl（quote照合 167/198）
[ch0024] 提案 19 件 -> C:\Users\d5dx\Downloads\Code\AllusionistLLMWiki2\..\AllusionistLLMWiki2_Work\staging\analysis_ch0024.yaml
   claims=10 mysteries=5 themes=4 quote照合 23/25
===== ch0025 =====

[ch0025] 処理中...
   38 件のイベントを抽出
   NG event: ["event_id: 'E_ch0025_呪装義肢アーザノエル_has_property_陰陽の安定_p1136' does not match '^E_ch\\\\d{4}_[^_]+(_[^_]+){1,2}(_\\\\d+)?_p\\\\d+$'"]
   NG event: ["event_id: 'E_ch0025_トライデント_has_property_個の消滅_p1139' does not match '^E_ch\\\\d{4}_[^_]+(_[^_]+){1,2}(_\\\\d+)?_p\\\\d+$'"]
   NG event: ["event_id: 'E_ch0025_キロン_has_property_神滅具との融合_p1141' does not match '^E_ch\\\\d{4}_[^_]+(_[^_]+){1,2}(_\\\\d+)?_p\\\\d+$'"]
   NG event: ["event_id: 'E_ch0025_キロン_has_property_廉施者_p1144' does not match '^E_ch\\\\d{4}_[^_]+(_[^_]+){1,2}(_\\\\d+)?_p\\\\d+$'"]
   NG event: ["event_id: 'E_ch0025_キロン_has_property_パラドキシカルトリアージ_p1145' does not match '^E_ch\\\\d{4}_[^_]+(_[^_]+){1,2}(_\\\\d+)?_p\\\\d+$'"]
   NG event: ["event_id: 'E_ch0025_キロン_has_property_ミエスリヴァの力_p1146' does not match '^E_ch\\\\d{4}_[^_]+(_[^_]+){1,2}(_\\\\d+)?_p\\\\d+$'"]
   NG event: ["event_id: 'E_ch0025_アキラ_has_property_無知_p1147' does not match '^E_ch\\\\d{4}_[^_]+(_[^_]+){1,2}(_\\\\d+)?_p\\\\d+$'"]
   NG event: ["event_id: 'E_ch0025_アキラ_has_property_価値観_p1148' does not match '^E_ch\\\\d{4}_[^_]+(_[^_]+){1,2}(_\\\\d+)?_p\\\\d+$'"]
   NG event: ["event_id: 'E_ch0025_キロン_has_property_復讐者_p1150' does not match '^E_ch\\\\d{4}_[^_]+(_[^_]+){1,2}(_\\\\d+)?_p\\\\d+$'"]
   NG event: ["event_id: 'E_ch0025_キロン_has_property_運命力_p1155' does not match '^E_ch\\\\d{4}_[^_]+(_[^_]+){1,2}(_\\\\d+)?_p\\\\d+$'"]
   NG event: ["event_id: 'E_ch0025_歌姫_has_property_偶像_p1157' does not match '^E_ch\\\\d{4}_[^_]+(_[^_]+){1,2}(_\\\\d+)?_p\\\\d+$'"]
   NG event: ["event_id: 'E_ch0025_ネット小説_functions_as_現実改変呪術_p1158' does not match '^E_ch\\\\d{4}_[^_]+(_[^_]+){1,2}(_\\\\d+)?_p\\\\d+$'"]
   NG event: ["event_id: 'E_ch0025_アキラ_has_property_電子ドラッグ_p1161' does not match '^E_ch\\\\d{4}_[^_]+(_[^_]+){1,2}(_\\\\d+)?_p\\\\d+$'"]
   NG event: ["event_id: 'E_ch0025_キロン_has_property_異獣憑き_p1161' does not match '^E_ch\\\\d{4}_[^_]+(_[^_]+){1,2}(_\\\\d+)?_p\\\\d+$'"]
   OK C:\Users\d5dx\Downloads\Code\AllusionistLLMWiki2\..\AllusionistLLMWiki2_Work\events\ch0025.jsonl に 24 件書き込み
   WARN 14 件が無効（スキップ）
[ch0025] fact 62 件 -> C:\Users\d5dx\Downloads\Code\AllusionistLLMWiki2\..\AllusionistLLMWiki2_Work\facts\ch0025.jsonl（quote照合 59/62）
[ch0025] 提案 18 件 -> C:\Users\d5dx\Downloads\Code\AllusionistLLMWiki2\..\AllusionistLLMWiki2_Work\staging\analysis_ch0025.yaml
   claims=10 mysteries=4 themes=1 quote照合 24/25
===== ch0026 =====

[ch0026] 処理中...
   71 件のイベントを抽出
   NG event: ["event_id: 'E_ch0026_ヘリステラ_appears_as_車輪の女王_p1178' does not match '^E_ch\\\\d{4}_[^_]+(_[^_]+){1,2}(_\\\\d+)?_p\\\\d+$'"]
   NG event: ["event_id: 'E_ch0026_自殺の黒槍_functions_as_無限ループ_p1193' does not match '^E_ch\\\\d{4}_[^_]+(_[^_]+){1,2}(_\\\\d+)?_p\\\\d+$'"]
   OK C:\Users\d5dx\Downloads\Code\AllusionistLLMWiki2\..\AllusionistLLMWiki2_Work\events\ch0026.jsonl に 69 件書き込み
   WARN 2 件が無効（スキップ）
[ch0026] fact 76 件 -> C:\Users\d5dx\Downloads\Code\AllusionistLLMWiki2\..\AllusionistLLMWiki2_Work\facts\ch0026.jsonl（quote照合 71/76）
[ch0026] 提案 78 件 -> C:\Users\d5dx\Downloads\Code\AllusionistLLMWiki2\..\AllusionistLLMWiki2_Work\staging\analysis_ch0026.yaml
   claims=57 mysteries=11 themes=10 quote照合 64/81
===== ch0027 =====

[ch0027] 処理中...
   58 件のイベントを抽出
   NG event: ["event_id: 'E_ch0027_世界槍_appears_as_架け橋_p1211' does not match '^E_ch\\\\d{4}_[^_]+(_[^_]+){1,2}(_\\\\d+)?_p\\\\d+$'"]
   NG event: ["event_id: 'E_ch0027_地上太陽_has_property_皓々とした光_p1211' does not match '^E_ch\\\\d{4}_[^_]+(_[^_]+){1,2}(_\\\\d+)?_p\\\\d+$'"]
   NG event: ["event_id: 'E_ch0027_第五階層_has_property_復興の早さ_p1211' does not match '^E_ch\\\\d{4}_[^_]+(_[^_]+){1,2}(_\\\\d+)?_p\\\\d+$'"]
   NG event: ["event_id: 'E_ch0027_第五階層_has_property_四肢の再生_p1212' does not match '^E_ch\\\\d{4}_[^_]+(_[^_]+){1,2}(_\\\\d+)?_p\\\\d+$'"]
   NG event: ["event_id: 'E_ch0027_仮想の義肢_has_property_生成の不具合_p1213' does not match '^E_ch\\\\d{4}_[^_]+(_[^_]+){1,2}(_\\\\d+)?_p\\\\d+$'"]
   NG event: ["event_id: 'E_ch0027_紙幣_has_property_交換価値の維持_p1221' does not match '^E_ch\\\\d{4}_[^_]+(_[^_]+){1,2}(_\\\\d+)?_p\\\\d+$'"]
   NG event: ["event_id: 'E_ch0027_第五階層_has_property_ルール変更_p1223' does not match '^E_ch\\\\d{4}_[^_]+(_[^_]+){1,2}(_\\\\d+)?_p\\\\d+$'"]
   NG event: ["event_id: 'E_ch0027_第五階層_has_property_格下狩りのペナルティ_p1224' does not match '^E_ch\\\\d{4}_[^_]+(_[^_]+){1,2}(_\\\\d+)?_p\\\\d+$'"]
   NG event: ["event_id: 'E_ch0027_世界_has_property_地上と地獄の戦争_p1228' does not match '^E_ch\\\\d{4}_[^_]+(_[^_]+){1,2}(_\\\\d+)?_p\\\\d+$'"]
   NG event: ["event_id: 'E_ch0027_火竜_has_property_世界の心臓_p1228' does not match '^E_ch\\\\d{4}_[^_]+(_[^_]+){1,2}(_\\\\d+)?_p\\\\d+$'"]
   NG event: ["event_id: 'E_ch0027_トライデント_has_property_地獄側所属_p1229' does not match '^E_ch\\\\d{4}_[^_]+(_[^_]+){1,2}(_\\\\d+)?_p\\\\d+$'"]
   OK C:\Users\d5dx\Downloads\Code\AllusionistLLMWiki2\..\AllusionistLLMWiki2_Work\events\ch0027.jsonl に 47 件書き込み
   WARN 11 件が無効（スキップ）
[ch0027] fact 35 件 -> C:\Users\d5dx\Downloads\Code\AllusionistLLMWiki2\..\AllusionistLLMWiki2_Work\facts\ch0027.jsonl（quote照合 32/35）
[ch0027] 提案 16 件 -> C:\Users\d5dx\Downloads\Code\AllusionistLLMWiki2\..\AllusionistLLMWiki2_Work\staging\analysis_ch0027.yaml
   claims=7 mysteries=5 themes=1 quote照合 16/19
===== ch0028 =====

[ch0028] 処理中...
   26 件のイベントを抽出
   NG event: ["event_id: 'E_ch0028_女性_has_property_長身_p1231' does not match '^E_ch\\\\d{4}_[^_]+(_[^_]+){1,2}(_\\\\d+)?_p\\\\d+$'"]
   NG event: ["event_id: 'E_ch0028_上司_has_property_禿頭_p1233' does not match '^E_ch\\\\d{4}_[^_]+(_[^_]+){1,2}(_\\\\d+)?_p\\\\d+$'"]
   NG event: ["event_id: 'E_ch0028_女性_has_property_相棒_p1235' does not match '^E_ch\\\\d{4}_[^_]+(_[^_]+){1,2}(_\\\\d+)?_p\\\\d+$'"]
   NG event: ["event_id: 'E_ch0028_ケイト_has_property_情報生命体_p1237' does not match '^E_ch\\\\d{4}_[^_]+(_[^_]+){1,2}(_\\\\d+)?_p\\\\d+$'"]
   OK C:\Users\d5dx\Downloads\Code\AllusionistLLMWiki2\..\AllusionistLLMWiki2_Work\events\ch0028.jsonl に 22 件書き込み
   WARN 4 件が無効（スキップ）
[ch0028] fact 76 件 -> C:\Users\d5dx\Downloads\Code\AllusionistLLMWiki2\..\AllusionistLLMWiki2_Work\facts\ch0028.jsonl（quote照合 75/76）
[ch0028] 提案 15 件 -> C:\Users\d5dx\Downloads\Code\AllusionistLLMWiki2\..\AllusionistLLMWiki2_Work\staging\analysis_ch0028.yaml
   claims=7 mysteries=4 themes=3 quote照合 20/20
===== ch0029 =====

[ch0029] 処理中...
   41 件のイベントを抽出
   NG event: ["event_id: 'E_ch0029_アストラル界_is_located_現実の裏側_p1245' does not match '^E_ch\\\\d{4}_[^_]+(_[^_]+){1,2}(_\\\\d+)?_p\\\\d+$'"]
   NG event: ["event_id: 'E_ch0029_アキラ_has_property_名前_p1247' does not match '^E_ch\\\\d{4}_[^_]+(_[^_]+){1,2}(_\\\\d+)?_p\\\\d+$'"]
   NG event: ["event_id: 'E_ch0029_アキラ_has_property_顔_p1247' does not match '^E_ch\\\\d{4}_[^_]+(_[^_]+){1,2}(_\\\\d+)?_p\\\\d+$'"]
   NG event: ["signals.0.kind: 'relationship' is not one of ['analogy', 'foreshadow', 'motif', 'theme']"]
   NG event: ["signals.0.kind: 'relationship' is not one of ['analogy', 'foreshadow', 'motif', 'theme']"]
   NG event: ["event_id: 'E_ch0029_襲撃者_appears_as_骨の花_p1251' does not match '^E_ch\\\\d{4}_[^_]+(_[^_]+){1,2}(_\\\\d+)?_p\\\\d+$'"]
   NG event: ["signals.0.kind: 'relationship' is not one of ['analogy', 'foreshadow', 'motif', 'theme']"]
   NG event: ["event_id: 'E_ch0029_ハル_appears_as_美少女_p1255' does not match '^E_ch\\\\d{4}_[^_]+(_[^_]+){1,2}(_\\\\d+)?_p\\\\d+$'"]
   NG event: ["signals.0.kind: 'relationship' is not one of ['analogy', 'foreshadow', 'motif', 'theme']"]
   NG event: ["signals.0.kind: 'relationship' is not one of ['analogy', 'foreshadow', 'motif', 'theme']"]
   NG event: ["signals.0.kind: 'relationship' is not one of ['analogy', 'foreshadow', 'motif', 'theme']"]
   OK C:\Users\d5dx\Downloads\Code\AllusionistLLMWiki2\..\AllusionistLLMWiki2_Work\events\ch0029.jsonl に 30 件書き込み
   WARN 11 件が無効（スキップ）
[ch0029] fact 43 件 -> C:\Users\d5dx\Downloads\Code\AllusionistLLMWiki2\..\AllusionistLLMWiki2_Work\facts\ch0029.jsonl（quote照合 40/43）
[ch0029] 提案 19 件 -> C:\Users\d5dx\Downloads\Code\AllusionistLLMWiki2\..\AllusionistLLMWiki2_Work\staging\analysis_ch0029.yaml
   claims=10 mysteries=5 themes=4 quote照合 22/26
===== ch0030 =====

[ch0030] 処理中...
   30 件のイベントを抽出
   NG event: ["event_id: 'E_ch0030_聖堂_has_property_荘厳な音響設計_p1266' does not match '^E_ch\\\\d{4}_[^_]+(_[^_]+){1,2}(_\\\\d+)?_p\\\\d+$'"]
   NG event: ["event_id: 'E_ch0030_クナータ_has_property_メルトバーズ復活の鍵_p1267' does not match '^E_ch\\\\d{4}_[^_]+(_[^_]+){1,2}(_\\\\d+)?_p\\\\d+$'"]
   NG event: ["event_id: 'E_ch0030_クナータ_has_property_未来を見通す瞳_p1268' does not match '^E_ch\\\\d{4}_[^_]+(_[^_]+){1,2}(_\\\\d+)?_p\\\\d+$'"]
   NG event: ["event_id: 'E_ch0030_金鎖_has_property_記録機能_p1274' does not match '^E_ch\\\\d{4}_[^_]+(_[^_]+){1,2}(_\\\\d+)?_p\\\\d+$'"]
   NG event: ["event_id: 'E_ch0030_クナータ_has_property_記憶障害_p1275' does not match '^E_ch\\\\d{4}_[^_]+(_[^_]+){1,2}(_\\\\d+)?_p\\\\d+$'"]
   NG event: ["event_id: 'E_ch0030_アキラ_has_property_左手の欠損_p1277' does not match '^E_ch\\\\d{4}_[^_]+(_[^_]+){1,2}(_\\\\d+)?_p\\\\d+$'"]
   OK C:\Users\d5dx\Downloads\Code\AllusionistLLMWiki2\..\AllusionistLLMWiki2_Work\events\ch0030.jsonl に 24 件書き込み
   WARN 6 件が無効（スキップ）
[ch0030] fact 40 件 -> C:\Users\d5dx\Downloads\Code\AllusionistLLMWiki2\..\AllusionistLLMWiki2_Work\facts\ch0030.jsonl（quote照合 33/40）
[ch0030] 提案 20 件 -> C:\Users\d5dx\Downloads\Code\AllusionistLLMWiki2\..\AllusionistLLMWiki2_Work\staging\analysis_ch0030.yaml
   claims=10 mysteries=6 themes=4 quote照合 24/25
===== ch0031 =====

[ch0031] 処理中...
   47 件のイベントを抽出
   NG event: ["event_id: 'E_ch0031_ラーゼフ・ピュクシス_has_property_美貌_p1282' does not match '^E_ch\\\\d{4}_[^_]+(_[^_]+){1,2}(_\\\\d+)?_p\\\\d+$'"]
   NG event: ["event_id: 'E_ch0031_ラーゼフ・ピュクシス_is_located_智神の盾_p1283' does not match '^E_ch\\\\d{4}_[^_]+(_[^_]+){1,2}(_\\\\d+)?_p\\\\d+$'"]
   NG event: ["event_id: 'E_ch0031_アズーリア_has_property_槍神の祝福_p1284' does not match '^E_ch\\\\d{4}_[^_]+(_[^_]+){1,2}(_\\\\d+)?_p\\\\d+$'"]
   NG event: ["event_id: 'E_ch0031_冬の魔女_is_located_塔_p1286' does not match '^E_ch\\\\d{4}_[^_]+(_[^_]+){1,2}(_\\\\d+)?_p\\\\d+$'"]
   NG event: ["event_id: 'E_ch0031_アストラル界_has_property_真名_p1289' does not match '^E_ch\\\\d{4}_[^_]+(_[^_]+){1,2}(_\\\\d+)?_p\\\\d+$'"]
   NG event: ["event_id: 'E_ch0031_アズーリア_has_property_黒衣_p1292' does not match '^E_ch\\\\d{4}_[^_]+(_[^_]+){1,2}(_\\\\d+)?_p\\\\d+$'"]
   NG event: ["event_id: 'E_ch0031_フィリス_has_property_左手_p1295' does not match '^E_ch\\\\d{4}_[^_]+(_[^_]+){1,2}(_\\\\d+)?_p\\\\d+$'"]
   NG event: ["event_id: 'E_ch0031_フィリス_functions_as_メタテクスト浸食_p1296' does not match '^E_ch\\\\d{4}_[^_]+(_[^_]+){1,2}(_\\\\d+)?_p\\\\d+$'"]
   NG event: ["event_id: 'E_ch0031_神働術_functions_as_引喩_p1296' does not match '^E_ch\\\\d{4}_[^_]+(_[^_]+){1,2}(_\\\\d+)?_p\\\\d+$'"]
   NG event: ["event_id: 'E_ch0031_アストラル界_is_made_of_視座_p1297' does not match '^E_ch\\\\d{4}_[^_]+(_[^_]+){1,2}(_\\\\d+)?_p\\\\d+$'"]
   NG event: ["event_id: 'E_ch0031_フィリス_has_property_論証不能_p1299' does not match '^E_ch\\\\d{4}_[^_]+(_[^_]+){1,2}(_\\\\d+)?_p\\\\d+$'"]
   NG event: ["event_id: 'E_ch0031_魔導書_has_property_暗号_p1301' does not match '^E_ch\\\\d{4}_[^_]+(_[^_]+){1,2}(_\\\\d+)?_p\\\\d+$'"]
   NG event: ["event_id: 'E_ch0031_アズーリア_is_located_地上_p1306' does not match '^E_ch\\\\d{4}_[^_]+(_[^_]+){1,2}(_\\\\d+)?_p\\\\d+$'"]
   OK C:\Users\d5dx\Downloads\Code\AllusionistLLMWiki2\..\AllusionistLLMWiki2_Work\events\ch0031.jsonl に 34 件書き込み
   WARN 13 件が無効（スキップ）
[ch0031] fact 202 件 -> C:\Users\d5dx\Downloads\Code\AllusionistLLMWiki2\..\AllusionistLLMWiki2_Work\facts\ch0031.jsonl（quote照合 187/202）
[ch0031] 提案 16 件 -> C:\Users\d5dx\Downloads\Code\AllusionistLLMWiki2\..\AllusionistLLMWiki2_Work\staging\analysis_ch0031.yaml
   claims=7 mysteries=5 themes=4 quote照合 17/19
===== ch0032 =====

[ch0032] 処理中...
   34 件のイベントを抽出
   NG event: ["event_id: 'E_ch0032_ベアトリーチェ_has_property_鬱屈_p1310' does not match '^E_ch\\\\d{4}_[^_]+(_[^_]+){1,2}(_\\\\d+)?_p\\\\d+$'"]
   NG event: ["event_id: 'E_ch0032_遺跡_has_property_氷の封印_p1313' does not match '^E_ch\\\\d{4}_[^_]+(_[^_]+){1,2}(_\\\\d+)?_p\\\\d+$'"]
   NG event: ["signals.0.kind: 'action' is not one of ['analogy', 'foreshadow', 'motif', 'theme']"]
   NG event: ["signals.0.kind: 'action' is not one of ['analogy', 'foreshadow', 'motif', 'theme']"]
   NG event: ["signals.0.kind: 'action' is not one of ['analogy', 'foreshadow', 'motif', 'theme']"]
   NG event: ["event_id: 'E_ch0032_フィリス_functions_as_心の声_p1318' does not match '^E_ch\\\\d{4}_[^_]+(_[^_]+){1,2}(_\\\\d+)?_p\\\\d+$'", "aspect: 'function' is not one of ['visual', 'name', 'speech', 'action', 'relationship', 'symbolic']"]
   NG event: ["event_id: 'E_ch0032_フィリス_has_property_左手_p1318' does not match '^E_ch\\\\d{4}_[^_]+(_[^_]+){1,2}(_\\\\d+)?_p\\\\d+$'"]
   NG event: ["event_id: 'E_ch0032_洗面所_has_property_鏡なし_p1320' does not match '^E_ch\\\\d{4}_[^_]+(_[^_]+){1,2}(_\\\\d+)?_p\\\\d+$'"]
   NG event: ["event_id: 'E_ch0032_蛇の頭_functions_as_蛇口_p1320' does not match '^E_ch\\\\d{4}_[^_]+(_[^_]+){1,2}(_\\\\d+)?_p\\\\d+$'", "aspect: 'function' is not one of ['visual', 'name', 'speech', 'action', 'relationship', 'symbolic']"]
   NG event: ["event_id: 'E_ch0032_アズ_has_property_顔の欠落_p1322' does not match '^E_ch\\\\d{4}_[^_]+(_[^_]+){1,2}(_\\\\d+)?_p\\\\d+$'"]
   NG event: ["aspect: 'function' is not one of ['visual', 'name', 'speech', 'action', 'relationship', 'symbolic']"]
   NG event: ["event_id: 'E_ch0032_天気占い_functions_as_気象管理_p1324' does not match '^E_ch\\\\d{4}_[^_]+(_[^_]+){1,2}(_\\\\d+)?_p\\\\d+$'", "aspect: 'function' is not one of ['visual', 'name', 'speech', 'action', 'relationship', 'symbolic']"]
   OK C:\Users\d5dx\Downloads\Code\AllusionistLLMWiki2\..\AllusionistLLMWiki2_Work\events\ch0032.jsonl に 22 件書き込み
   WARN 12 件が無効（スキップ）
[ch0032] fact 50 件 -> C:\Users\d5dx\Downloads\Code\AllusionistLLMWiki2\..\AllusionistLLMWiki2_Work\facts\ch0032.jsonl（quote照合 46/50）
[ch0032] 提案 16 件 -> C:\Users\d5dx\Downloads\Code\AllusionistLLMWiki2\..\AllusionistLLMWiki2_Work\staging\analysis_ch0032.yaml
   claims=8 mysteries=4 themes=4 quote照合 23/24
完了: ALL DONE
